2026-09-18 19:49:32.140 [background-preinit] INFO  org.hibernate.validator.internal.util.Version -[traceId=]- HV000001: Hibernate Validator 8.0.3.Final
2026-09-18 19:49:32.170 [main] INFO  com.example.demo.ApplicationTests -[traceId=]- Starting ApplicationTests using Java 21.0.9 with PID 505500 (started by 50917 in E:\wyr\spring-boot-base)
2026-09-18 19:49:32.175 [main] INFO  com.example.demo.ApplicationTests -[traceId=]- The following 1 profile is active: "test"
2026-09-18 19:49:34.826 [main] INFO  com.alibaba.druid.spring.boot3.autoconfigure.DruidDataSourceAutoConfigure -[traceId=]- Init DruidDataSource
2026-09-18 19:49:35.181 [main] INFO  com.alibaba.druid.pool.DruidDataSource -[traceId=]- {dataSource-1} inited
2026-09-18 19:49:35.571 [main] INFO  com.example.demo.config.TaskExecutorConfig -[traceId=]- async-task-thread-pool init success.
2026-09-18 19:49:36.130 [main] INFO  com.baomidou.mybatisplus.spring.MybatisPlusApplicationContextAware -[traceId=]- Register ApplicationContext instances org.springframework.web.context.support.GenericWebApplicationContext@168cd36b
2026-09-18 19:49:37.544 [main] INFO  com.example.demo.ApplicationTests -[traceId=]- Started ApplicationTests in 5.799 seconds (process running for 6.959)
2026-09-18 19:49:39.128 [SpringApplicationShutdownHook] INFO  com.alibaba.druid.pool.DruidDataSource -[traceId=]- {dataSource-1} closing ...
2026-09-18 19:49:39.130 [SpringApplicationShutdownHook] INFO  com.alibaba.druid.pool.DruidDataSource -[traceId=]- {dataSource-1} closed
2026-09-18 19:50:27.711 [background-preinit] INFO  org.hibernate.validator.internal.util.Version -[traceId=]- HV000001: Hibernate Validator 8.0.3.Final
2026-09-18 19:50:27.748 [main] INFO  com.example.demo.ApplicationTests -[traceId=]- Starting ApplicationTests using Java 21.0.9 with PID 487152 (started by 50917 in E:\wyr\spring-boot-base)
2026-09-18 19:50:27.758 [main] INFO  com.example.demo.ApplicationTests -[traceId=]- The following 1 profile is active: "test"
2026-09-18 19:50:30.643 [main] INFO  com.alibaba.druid.spring.boot3.autoconfigure.DruidDataSourceAutoConfigure -[traceId=]- Init DruidDataSource
2026-09-18 19:50:31.039 [main] INFO  com.alibaba.druid.pool.DruidDataSource -[traceId=]- {dataSource-1} inited
2026-09-18 19:50:31.497 [main] INFO  com.example.demo.config.TaskExecutorConfig -[traceId=]- async-task-thread-pool init success.
2026-09-18 19:50:32.065 [main] INFO  com.baomidou.mybatisplus.spring.MybatisPlusApplicationContextAware -[traceId=]- Register ApplicationContext instances org.springframework.web.context.support.GenericWebApplicationContext@408e96d9
2026-09-18 19:50:41.512 [main] INFO  com.example.demo.ApplicationTests -[traceId=]- Started ApplicationTests in 14.257 seconds (process running for 15.478)
2026-09-18 19:50:43.149 [SpringApplicationShutdownHook] INFO  com.alibaba.druid.pool.DruidDataSource -[traceId=]- {dataSource-1} closing ...
2026-09-18 19:50:43.152 [SpringApplicationShutdownHook] INFO  com.alibaba.druid.pool.DruidDataSource -[traceId=]- {dataSource-1} closed
2026-09-18 21:28:58.542 [background-preinit] INFO  org.hibernate.validator.internal.util.Version -[traceId=,spanId=]- HV000001: Hibernate Validator 8.0.3.Final
2026-09-18 21:28:58.558 [main] INFO  com.example.demo.ApplicationTests -[traceId=,spanId=]- Starting ApplicationTests using Java 21.0.9 with PID 523040 (started by 50917 in E:\wyr\spring-boot-base)
2026-09-18 21:28:58.562 [main] INFO  com.example.demo.ApplicationTests -[traceId=,spanId=]- The following 1 profile is active: "test"
2026-09-18 21:29:01.858 [main] INFO  com.alibaba.druid.spring.boot3.autoconfigure.DruidDataSourceAutoConfigure -[traceId=,spanId=]- Init DruidDataSource
2026-09-18 21:29:02.203 [main] INFO  com.alibaba.druid.pool.DruidDataSource -[traceId=,spanId=]- {dataSource-1} inited
2026-09-18 21:29:02.690 [main] INFO  com.example.demo.config.TaskExecutorConfig -[traceId=,spanId=]- async-task-thread-pool init success.
2026-09-18 21:29:03.251 [main] INFO  com.baomidou.mybatisplus.spring.MybatisPlusApplicationContextAware -[traceId=,spanId=]- Register ApplicationContext instances org.springframework.web.context.support.GenericWebApplicationContext@7fd8c559
2026-09-18 21:29:04.830 [main] INFO  com.example.demo.ApplicationTests -[traceId=,spanId=]- Started ApplicationTests in 6.762 seconds (process running for 8.348)
2026-09-18 21:29:05.802 [SpringApplicationShutdownHook] INFO  com.alibaba.druid.pool.DruidDataSource -[traceId=,spanId=]- {dataSource-1} closing ...
2026-09-18 21:29:05.804 [SpringApplicationShutdownHook] INFO  com.alibaba.druid.pool.DruidDataSource -[traceId=,spanId=]- {dataSource-1} closed
2026-09-18 21:30:40.124 [background-preinit] INFO  org.hibernate.validator.internal.util.Version -[traceId=,spanId=]- HV000001: Hibernate Validator 8.0.3.Final
2026-09-18 21:30:40.146 [main] INFO  com.example.demo.ApplicationTests -[traceId=,spanId=]- Starting ApplicationTests using Java 21.0.9 with PID 521352 (started by 50917 in E:\wyr\spring-boot-base)
2026-09-18 21:30:40.150 [main] INFO  com.example.demo.ApplicationTests -[traceId=,spanId=]- The following 1 profile is active: "test"
2026-09-18 21:30:42.841 [main] INFO  com.alibaba.druid.spring.boot3.autoconfigure.DruidDataSourceAutoConfigure -[traceId=,spanId=]- Init DruidDataSource
2026-09-18 21:30:43.188 [main] INFO  com.alibaba.druid.pool.DruidDataSource -[traceId=,spanId=]- {dataSource-1} inited
2026-09-18 21:30:43.644 [main] INFO  com.example.demo.config.TaskExecutorConfig -[traceId=,spanId=]- async-task-thread-pool init success.
2026-09-18 21:30:44.164 [main] INFO  com.baomidou.mybatisplus.spring.MybatisPlusApplicationContextAware -[traceId=,spanId=]- Register ApplicationContext instances org.springframework.web.context.support.GenericWebApplicationContext@383864d5
2026-09-18 21:30:45.550 [main] INFO  com.example.demo.ApplicationTests -[traceId=,spanId=]- Started ApplicationTests in 5.839 seconds (process running for 6.979)
2026-09-18 21:30:47.238 [SpringApplicationShutdownHook] INFO  com.alibaba.druid.pool.DruidDataSource -[traceId=,spanId=]- {dataSource-1} closing ...
2026-09-18 21:30:47.241 [SpringApplicationShutdownHook] INFO  com.alibaba.druid.pool.DruidDataSource -[traceId=,spanId=]- {dataSource-1} closed
2026-09-18 21:32:55.803 [background-preinit] INFO  org.hibernate.validator.internal.util.Version -[traceId=,spanId=]- HV000001: Hibernate Validator 8.0.3.Final
2026-09-18 21:32:55.839 [main] INFO  com.example.demo.NativeTracingHttpTest -[traceId=,spanId=]- Starting NativeTracingHttpTest using Java 21.0.9 with PID 525192 (started by 50917 in E:\wyr\spring-boot-base)
2026-09-18 21:32:55.843 [main] INFO  com.example.demo.NativeTracingHttpTest -[traceId=,spanId=]- The following 1 profile is active: "test"
2026-09-18 21:32:58.497 [main] INFO  com.alibaba.druid.spring.boot3.autoconfigure.DruidDataSourceAutoConfigure -[traceId=,spanId=]- Init DruidDataSource
2026-09-18 21:32:58.994 [main] INFO  com.alibaba.druid.pool.DruidDataSource -[traceId=,spanId=]- {dataSource-1} inited
2026-09-18 21:32:59.432 [main] INFO  com.example.demo.config.TaskExecutorConfig -[traceId=,spanId=]- async-task-thread-pool init success.
2026-09-18 21:33:00.080 [main] INFO  com.baomidou.mybatisplus.spring.MybatisPlusApplicationContextAware -[traceId=,spanId=]- Register ApplicationContext instances org.springframework.web.context.support.GenericWebApplicationContext@5d425813
2026-09-18 21:33:01.541 [main] INFO  com.example.demo.NativeTracingHttpTest -[traceId=,spanId=]- Started NativeTracingHttpTest in 6.138 seconds (process running for 7.261)
2026-09-18 21:33:02.524 [SpringApplicationShutdownHook] INFO  com.alibaba.druid.pool.DruidDataSource -[traceId=,spanId=]- {dataSource-1} closing ...
2026-09-18 21:33:02.528 [SpringApplicationShutdownHook] INFO  com.alibaba.druid.pool.DruidDataSource -[traceId=,spanId=]- {dataSource-1} closed
2026-09-18 21:33:32.558 [background-preinit] INFO  org.hibernate.validator.internal.util.Version -[traceId=,spanId=]- HV000001: Hibernate Validator 8.0.3.Final
2026-09-18 21:33:32.599 [main] INFO  com.example.demo.NativeTracingHttpTest -[traceId=,spanId=]- Starting NativeTracingHttpTest using Java 21.0.9 with PID 525632 (started by 50917 in E:\wyr\spring-boot-base)
2026-09-18 21:33:32.604 [main] INFO  com.example.demo.NativeTracingHttpTest -[traceId=,spanId=]- The following 1 profile is active: "test"
2026-09-18 21:33:35.527 [main] INFO  com.alibaba.druid.spring.boot3.autoconfigure.DruidDataSourceAutoConfigure -[traceId=,spanId=]- Init DruidDataSource
2026-09-18 21:33:35.895 [main] INFO  com.alibaba.druid.pool.DruidDataSource -[traceId=,spanId=]- {dataSource-1} inited
2026-09-18 21:33:36.292 [main] INFO  com.example.demo.config.TaskExecutorConfig -[traceId=,spanId=]- async-task-thread-pool init success.
2026-09-18 21:33:36.972 [main] INFO  com.baomidou.mybatisplus.spring.MybatisPlusApplicationContextAware -[traceId=,spanId=]- Register ApplicationContext instances org.springframework.web.context.support.GenericWebApplicationContext@5d425813
2026-09-18 21:33:38.284 [main] INFO  com.example.demo.NativeTracingHttpTest -[traceId=,spanId=]- Started NativeTracingHttpTest in 6.128 seconds (process running for 7.297)
2026-09-18 21:33:39.142 [SpringApplicationShutdownHook] INFO  com.alibaba.druid.pool.DruidDataSource -[traceId=,spanId=]- {dataSource-1} closing ...
2026-09-18 21:33:39.145 [SpringApplicationShutdownHook] INFO  com.alibaba.druid.pool.DruidDataSource -[traceId=,spanId=]- {dataSource-1} closed
2026-09-18 21:34:14.468 [background-preinit] INFO  org.hibernate.validator.internal.util.Version -[traceId=,spanId=]- HV000001: Hibernate Validator 8.0.3.Final
2026-09-18 21:34:14.508 [main] INFO  com.example.demo.NativeTracingHttpTest -[traceId=,spanId=]- Starting NativeTracingHttpTest using Java 21.0.9 with PID 527128 (started by 50917 in E:\wyr\spring-boot-base)
2026-09-18 21:34:14.513 [main] INFO  com.example.demo.NativeTracingHttpTest -[traceId=,spanId=]- The following 1 profile is active: "test"
2026-09-18 21:34:17.137 [main] INFO  com.alibaba.druid.spring.boot3.autoconfigure.DruidDataSourceAutoConfigure -[traceId=,spanId=]- Init DruidDataSource
2026-09-18 21:34:17.543 [main] INFO  com.alibaba.druid.pool.DruidDataSource -[traceId=,spanId=]- {dataSource-1} inited
2026-09-18 21:34:17.967 [main] INFO  com.example.demo.config.TaskExecutorConfig -[traceId=,spanId=]- async-task-thread-pool init success.
2026-09-18 21:34:18.588 [main] INFO  com.baomidou.mybatisplus.spring.MybatisPlusApplicationContextAware -[traceId=,spanId=]- Register ApplicationContext instances org.springframework.web.context.support.GenericWebApplicationContext@5d425813
2026-09-18 21:34:19.947 [main] INFO  com.example.demo.NativeTracingHttpTest -[traceId=,spanId=]- Started NativeTracingHttpTest in 5.88 seconds (process running for 7.034)
2026-09-18 21:34:20.763 [SpringApplicationShutdownHook] INFO  com.alibaba.druid.pool.DruidDataSource -[traceId=,spanId=]- {dataSource-1} closing ...
2026-09-18 21:34:20.765 [SpringApplicationShutdownHook] INFO  com.alibaba.druid.pool.DruidDataSource -[traceId=,spanId=]- {dataSource-1} closed
2026-09-18 21:35:16.695 [background-preinit] INFO  org.hibernate.validator.internal.util.Version -[traceId=,spanId=]- HV000001: Hibernate Validator 8.0.3.Final
2026-09-18 21:35:16.729 [main] INFO  com.example.demo.NativeTracingHttpTest -[traceId=,spanId=]- Starting NativeTracingHttpTest using Java 21.0.9 with PID 525384 (started by 50917 in E:\wyr\spring-boot-base)
2026-09-18 21:35:16.733 [main] INFO  com.example.demo.NativeTracingHttpTest -[traceId=,spanId=]- The following 1 profile is active: "test"
2026-09-18 21:35:19.380 [main] INFO  com.alibaba.druid.spring.boot3.autoconfigure.DruidDataSourceAutoConfigure -[traceId=,spanId=]- Init DruidDataSource
2026-09-18 21:35:19.764 [main] INFO  com.alibaba.druid.pool.DruidDataSource -[traceId=,spanId=]- {dataSource-1} inited
2026-09-18 21:35:20.200 [main] INFO  com.example.demo.config.TaskExecutorConfig -[traceId=,spanId=]- async-task-thread-pool init success.
2026-09-18 21:35:20.898 [main] INFO  com.baomidou.mybatisplus.spring.MybatisPlusApplicationContextAware -[traceId=,spanId=]- Register ApplicationContext instances org.springframework.web.context.support.GenericWebApplicationContext@44924587
2026-09-18 21:35:22.331 [main] INFO  com.example.demo.NativeTracingHttpTest -[traceId=,spanId=]- Started NativeTracingHttpTest in 6.049 seconds (process running for 7.293)
2026-09-18 21:35:22.451 [SpringApplicationShutdownHook] INFO  com.alibaba.druid.pool.DruidDataSource -[traceId=,spanId=]- {dataSource-1} closing ...
2026-09-18 21:35:22.454 [SpringApplicationShutdownHook] INFO  com.alibaba.druid.pool.DruidDataSource -[traceId=,spanId=]- {dataSource-1} closed
2026-09-18 21:35:48.654 [background-preinit] INFO  org.hibernate.validator.internal.util.Version -[traceId=,spanId=]- HV000001: Hibernate Validator 8.0.3.Final
2026-09-18 21:35:48.696 [main] INFO  com.example.demo.NativeTracingHttpTest -[traceId=,spanId=]- Starting NativeTracingHttpTest using Java 21.0.9 with PID 528060 (started by 50917 in E:\wyr\spring-boot-base)
2026-09-18 21:35:48.699 [main] INFO  com.example.demo.NativeTracingHttpTest -[traceId=,spanId=]- The following 1 profile is active: "test"
2026-09-18 21:35:51.084 [main] INFO  org.apache.coyote.http11.Http11NioProtocol -[traceId=,spanId=]- Initializing ProtocolHandler ["http-nio-auto-1"]
2026-09-18 21:35:51.086 [main] INFO  org.apache.catalina.core.StandardService -[traceId=,spanId=]- Starting service [Tomcat]
2026-09-18 21:35:51.087 [main] INFO  org.apache.catalina.core.StandardEngine -[traceId=,spanId=]- Starting Servlet engine: [Apache Tomcat/10.1.55]
2026-09-18 21:35:51.159 [main] INFO  org.apache.catalina.core.ContainerBase.[Tomcat].[localhost].[/] -[traceId=,spanId=]- Initializing Spring embedded WebApplicationContext
2026-09-18 21:35:52.005 [main] INFO  com.alibaba.druid.spring.boot3.autoconfigure.DruidDataSourceAutoConfigure -[traceId=,spanId=]- Init DruidDataSource
2026-09-18 21:35:52.354 [main] INFO  com.alibaba.druid.pool.DruidDataSource -[traceId=,spanId=]- {dataSource-1} inited
2026-09-18 21:35:52.754 [main] INFO  com.example.demo.config.TaskExecutorConfig -[traceId=,spanId=]- async-task-thread-pool init success.
2026-09-18 21:35:53.236 [main] INFO  com.baomidou.mybatisplus.spring.MybatisPlusApplicationContextAware -[traceId=,spanId=]- Register ApplicationContext instances org.springframework.boot.web.servlet.context.AnnotationConfigServletWebServerApplicationContext@74d3b638
2026-09-18 21:35:54.479 [main] INFO  org.apache.coyote.http11.Http11NioProtocol -[traceId=,spanId=]- Starting ProtocolHandler ["http-nio-auto-1"]
2026-09-18 21:35:54.585 [main] INFO  org.apache.coyote.http11.Http11NioProtocol -[traceId=,spanId=]- Initializing ProtocolHandler ["http-nio-0.0.0.0-auto-2"]
2026-09-18 21:35:54.585 [main] INFO  org.apache.catalina.core.StandardService -[traceId=,spanId=]- Starting service [Tomcat]
2026-09-18 21:35:54.586 [main] INFO  org.apache.catalina.core.StandardEngine -[traceId=,spanId=]- Starting Servlet engine: [Apache Tomcat/10.1.55]
2026-09-18 21:35:54.609 [main] INFO  org.apache.catalina.core.ContainerBase.[Tomcat-1].[localhost].[/] -[traceId=,spanId=]- Initializing Spring embedded WebApplicationContext
2026-09-18 21:35:54.656 [main] INFO  org.apache.coyote.http11.Http11NioProtocol -[traceId=,spanId=]- Starting ProtocolHandler ["http-nio-0.0.0.0-auto-2"]
2026-09-18 21:35:54.734 [main] INFO  com.example.demo.NativeTracingHttpTest -[traceId=,spanId=]- Started NativeTracingHttpTest in 6.486 seconds (process running for 7.598)
2026-09-18 21:35:55.431 [http-nio-auto-1-exec-1] INFO  org.apache.catalina.core.ContainerBase.[Tomcat].[localhost].[/] -[traceId=,spanId=]- Initializing Spring DispatcherServlet 'dispatcherServlet'
2026-09-18 21:35:55.679 [SpringApplicationShutdownHook] INFO  com.alibaba.druid.pool.DruidDataSource -[traceId=,spanId=]- {dataSource-1} closing ...
2026-09-18 21:35:55.682 [SpringApplicationShutdownHook] INFO  com.alibaba.druid.pool.DruidDataSource -[traceId=,spanId=]- {dataSource-1} closed
2026-09-18 21:40:12.129 [background-preinit] INFO  org.hibernate.validator.internal.util.Version -[traceId=,spanId=]- HV000001: Hibernate Validator 8.0.3.Final
2026-09-18 21:40:12.173 [main] INFO  com.example.demo.NativeTracingHttpTest -[traceId=,spanId=]- Starting NativeTracingHttpTest using Java 21.0.9 with PID 516432 (started by 50917 in E:\wyr\spring-boot-base)
2026-09-18 21:40:12.177 [main] INFO  com.example.demo.NativeTracingHttpTest -[traceId=,spanId=]- The following 1 profile is active: "test"
2026-09-18 21:40:14.493 [main] INFO  org.apache.coyote.http11.Http11NioProtocol -[traceId=,spanId=]- Initializing ProtocolHandler ["http-nio-auto-1"]
2026-09-18 21:40:14.495 [main] INFO  org.apache.catalina.core.StandardService -[traceId=,spanId=]- Starting service [Tomcat]
2026-09-18 21:40:14.496 [main] INFO  org.apache.catalina.core.StandardEngine -[traceId=,spanId=]- Starting Servlet engine: [Apache Tomcat/10.1.55]
2026-09-18 21:40:14.558 [main] INFO  org.apache.catalina.core.ContainerBase.[Tomcat].[localhost].[/] -[traceId=,spanId=]- Initializing Spring embedded WebApplicationContext
2026-09-18 21:40:15.456 [main] INFO  com.alibaba.druid.spring.boot3.autoconfigure.DruidDataSourceAutoConfigure -[traceId=,spanId=]- Init DruidDataSource
2026-09-18 21:40:15.809 [main] INFO  com.alibaba.druid.pool.DruidDataSource -[traceId=,spanId=]- {dataSource-1} inited
2026-09-18 21:40:16.219 [main] INFO  com.example.demo.config.TaskExecutorConfig -[traceId=,spanId=]- async-task-thread-pool init success.
2026-09-18 21:40:16.627 [main] INFO  com.baomidou.mybatisplus.spring.MybatisPlusApplicationContextAware -[traceId=,spanId=]- Register ApplicationContext instances org.springframework.boot.web.servlet.context.AnnotationConfigServletWebServerApplicationContext@1debc91c
2026-09-18 21:40:17.952 [main] INFO  org.apache.coyote.http11.Http11NioProtocol -[traceId=,spanId=]- Starting ProtocolHandler ["http-nio-auto-1"]
2026-09-18 21:40:18.035 [main] INFO  org.apache.coyote.http11.Http11NioProtocol -[traceId=,spanId=]- Initializing ProtocolHandler ["http-nio-0.0.0.0-auto-2"]
2026-09-18 21:40:18.036 [main] INFO  org.apache.catalina.core.StandardService -[traceId=,spanId=]- Starting service [Tomcat]
2026-09-18 21:40:18.036 [main] INFO  org.apache.catalina.core.StandardEngine -[traceId=,spanId=]- Starting Servlet engine: [Apache Tomcat/10.1.55]
2026-09-18 21:40:18.059 [main] INFO  org.apache.catalina.core.ContainerBase.[Tomcat-1].[localhost].[/] -[traceId=,spanId=]- Initializing Spring embedded WebApplicationContext
2026-09-18 21:40:18.109 [main] INFO  org.apache.coyote.http11.Http11NioProtocol -[traceId=,spanId=]- Starting ProtocolHandler ["http-nio-0.0.0.0-auto-2"]
2026-09-18 21:40:18.147 [main] INFO  com.example.demo.NativeTracingHttpTest -[traceId=,spanId=]- Started NativeTracingHttpTest in 6.42 seconds (process running for 7.567)
2026-09-18 21:40:18.848 [SpringApplicationShutdownHook] INFO  com.alibaba.druid.pool.DruidDataSource -[traceId=,spanId=]- {dataSource-1} closing ...
2026-09-18 21:40:18.850 [SpringApplicationShutdownHook] INFO  com.alibaba.druid.pool.DruidDataSource -[traceId=,spanId=]- {dataSource-1} closed
2026-09-18 21:41:17.983 [background-preinit] INFO  org.hibernate.validator.internal.util.Version -[traceId=,spanId=]- HV000001: Hibernate Validator 8.0.3.Final
2026-09-18 21:41:18.027 [main] INFO  com.example.demo.NativeTracingHttpTest -[traceId=,spanId=]- Starting NativeTracingHttpTest using Java 21.0.9 with PID 529684 (started by 50917 in E:\wyr\spring-boot-base)
2026-09-18 21:41:18.033 [main] INFO  com.example.demo.NativeTracingHttpTest -[traceId=,spanId=]- The following 1 profile is active: "test"
2026-09-18 21:41:20.271 [main] INFO  org.apache.coyote.http11.Http11NioProtocol -[traceId=,spanId=]- Initializing ProtocolHandler ["http-nio-auto-1"]
2026-09-18 21:41:20.273 [main] INFO  org.apache.catalina.core.StandardService -[traceId=,spanId=]- Starting service [Tomcat]
2026-09-18 21:41:20.274 [main] INFO  org.apache.catalina.core.StandardEngine -[traceId=,spanId=]- Starting Servlet engine: [Apache Tomcat/10.1.55]
2026-09-18 21:41:20.336 [main] INFO  org.apache.catalina.core.ContainerBase.[Tomcat].[localhost].[/] -[traceId=,spanId=]- Initializing Spring embedded WebApplicationContext
2026-09-18 21:41:21.215 [main] INFO  com.alibaba.druid.spring.boot3.autoconfigure.DruidDataSourceAutoConfigure -[traceId=,spanId=]- Init DruidDataSource
2026-09-18 21:41:21.574 [main] INFO  com.alibaba.druid.pool.DruidDataSource -[traceId=,spanId=]- {dataSource-1} inited
2026-09-18 21:41:21.981 [main] INFO  com.example.demo.config.TaskExecutorConfig -[traceId=,spanId=]- async-task-thread-pool init success.
2026-09-18 21:41:22.438 [main] INFO  com.baomidou.mybatisplus.spring.MybatisPlusApplicationContextAware -[traceId=,spanId=]- Register ApplicationContext instances org.springframework.boot.web.servlet.context.AnnotationConfigServletWebServerApplicationContext@3db972d2
2026-09-18 21:41:23.705 [main] INFO  org.apache.coyote.http11.Http11NioProtocol -[traceId=,spanId=]- Starting ProtocolHandler ["http-nio-auto-1"]
2026-09-18 21:41:23.802 [main] INFO  org.apache.coyote.http11.Http11NioProtocol -[traceId=,spanId=]- Initializing ProtocolHandler ["http-nio-0.0.0.0-auto-2"]
2026-09-18 21:41:23.803 [main] INFO  org.apache.catalina.core.StandardService -[traceId=,spanId=]- Starting service [Tomcat]
2026-09-18 21:41:23.804 [main] INFO  org.apache.catalina.core.StandardEngine -[traceId=,spanId=]- Starting Servlet engine: [Apache Tomcat/10.1.55]
2026-09-18 21:41:23.832 [main] INFO  org.apache.catalina.core.ContainerBase.[Tomcat-1].[localhost].[/] -[traceId=,spanId=]- Initializing Spring embedded WebApplicationContext
2026-09-18 21:41:23.896 [main] INFO  org.apache.coyote.http11.Http11NioProtocol -[traceId=,spanId=]- Starting ProtocolHandler ["http-nio-0.0.0.0-auto-2"]
2026-09-18 21:41:23.943 [main] INFO  com.example.demo.NativeTracingHttpTest -[traceId=,spanId=]- Started NativeTracingHttpTest in 6.362 seconds (process running for 7.519)
2026-09-18 21:41:24.837 [SpringApplicationShutdownHook] INFO  com.alibaba.druid.pool.DruidDataSource -[traceId=,spanId=]- {dataSource-1} closing ...
2026-09-18 21:41:24.840 [SpringApplicationShutdownHook] INFO  com.alibaba.druid.pool.DruidDataSource -[traceId=,spanId=]- {dataSource-1} closed
2026-09-18 21:42:15.499 [background-preinit] INFO  org.hibernate.validator.internal.util.Version -[traceId=,spanId=]- HV000001: Hibernate Validator 8.0.3.Final
2026-09-18 21:42:15.543 [main] INFO  com.example.demo.NativeTracingHttpTest -[traceId=,spanId=]- Starting NativeTracingHttpTest using Java 21.0.9 with PID 530064 (started by 50917 in E:\wyr\spring-boot-base)
2026-09-18 21:42:15.547 [main] INFO  com.example.demo.NativeTracingHttpTest -[traceId=,spanId=]- The following 1 profile is active: "test"
2026-09-18 21:42:17.840 [main] INFO  org.apache.coyote.http11.Http11NioProtocol -[traceId=,spanId=]- Initializing ProtocolHandler ["http-nio-auto-1"]
2026-09-18 21:42:17.842 [main] INFO  org.apache.catalina.core.StandardService -[traceId=,spanId=]- Starting service [Tomcat]
2026-09-18 21:42:17.842 [main] INFO  org.apache.catalina.core.StandardEngine -[traceId=,spanId=]- Starting Servlet engine: [Apache Tomcat/10.1.55]
2026-09-18 21:42:17.906 [main] INFO  org.apache.catalina.core.ContainerBase.[Tomcat].[localhost].[/] -[traceId=,spanId=]- Initializing Spring embedded WebApplicationContext
2026-09-18 21:42:18.752 [main] INFO  com.alibaba.druid.spring.boot3.autoconfigure.DruidDataSourceAutoConfigure -[traceId=,spanId=]- Init DruidDataSource
2026-09-18 21:42:19.111 [main] INFO  com.alibaba.druid.pool.DruidDataSource -[traceId=,spanId=]- {dataSource-1} inited
2026-09-18 21:42:19.529 [main] INFO  com.example.demo.config.TaskExecutorConfig -[traceId=,spanId=]- async-task-thread-pool init success.
2026-09-18 21:42:19.966 [main] INFO  com.baomidou.mybatisplus.spring.MybatisPlusApplicationContextAware -[traceId=,spanId=]- Register ApplicationContext instances org.springframework.boot.web.servlet.context.AnnotationConfigServletWebServerApplicationContext@3db972d2
2026-09-18 21:42:21.258 [main] INFO  org.apache.coyote.http11.Http11NioProtocol -[traceId=,spanId=]- Starting ProtocolHandler ["http-nio-auto-1"]
2026-09-18 21:42:21.345 [main] INFO  org.apache.coyote.http11.Http11NioProtocol -[traceId=,spanId=]- Initializing ProtocolHandler ["http-nio-0.0.0.0-auto-2"]
2026-09-18 21:42:21.345 [main] INFO  org.apache.catalina.core.StandardService -[traceId=,spanId=]- Starting service [Tomcat]
2026-09-18 21:42:21.345 [main] INFO  org.apache.catalina.core.StandardEngine -[traceId=,spanId=]- Starting Servlet engine: [Apache Tomcat/10.1.55]
2026-09-18 21:42:21.369 [main] INFO  org.apache.catalina.core.ContainerBase.[Tomcat-1].[localhost].[/] -[traceId=,spanId=]- Initializing Spring embedded WebApplicationContext
2026-09-18 21:42:21.418 [main] INFO  org.apache.coyote.http11.Http11NioProtocol -[traceId=,spanId=]- Starting ProtocolHandler ["http-nio-0.0.0.0-auto-2"]
2026-09-18 21:42:21.481 [main] INFO  com.example.demo.NativeTracingHttpTest -[traceId=,spanId=]- Started NativeTracingHttpTest in 6.368 seconds (process running for 7.589)
2026-09-18 21:42:22.227 [SpringApplicationShutdownHook] INFO  com.alibaba.druid.pool.DruidDataSource -[traceId=,spanId=]- {dataSource-1} closing ...
2026-09-18 21:42:22.230 [SpringApplicationShutdownHook] INFO  com.alibaba.druid.pool.DruidDataSource -[traceId=,spanId=]- {dataSource-1} closed
2026-09-18 21:43:20.709 [background-preinit] INFO  org.hibernate.validator.internal.util.Version -[traceId=,spanId=]- HV000001: Hibernate Validator 8.0.3.Final
2026-09-18 21:43:20.750 [main] INFO  com.example.demo.NativeTracingHttpTest -[traceId=,spanId=]- Starting NativeTracingHttpTest using Java 21.0.9 with PID 530832 (started by 50917 in E:\wyr\spring-boot-base)
2026-09-18 21:43:20.754 [main] INFO  com.example.demo.NativeTracingHttpTest -[traceId=,spanId=]- The following 1 profile is active: "test"
2026-09-18 21:43:23.010 [main] INFO  org.apache.coyote.http11.Http11NioProtocol -[traceId=,spanId=]- Initializing ProtocolHandler ["http-nio-auto-1"]
2026-09-18 21:43:23.012 [main] INFO  org.apache.catalina.core.StandardService -[traceId=,spanId=]- Starting service [Tomcat]
2026-09-18 21:43:23.013 [main] INFO  org.apache.catalina.core.StandardEngine -[traceId=,spanId=]- Starting Servlet engine: [Apache Tomcat/10.1.55]
2026-09-18 21:43:23.077 [main] INFO  org.apache.catalina.core.ContainerBase.[Tomcat].[localhost].[/] -[traceId=,spanId=]- Initializing Spring embedded WebApplicationContext
2026-09-18 21:43:23.925 [main] INFO  com.alibaba.druid.spring.boot3.autoconfigure.DruidDataSourceAutoConfigure -[traceId=,spanId=]- Init DruidDataSource
2026-09-18 21:43:24.287 [main] INFO  com.alibaba.druid.pool.DruidDataSource -[traceId=,spanId=]- {dataSource-1} inited
2026-09-18 21:43:24.702 [main] INFO  com.example.demo.config.TaskExecutorConfig -[traceId=,spanId=]- async-task-thread-pool init success.
2026-09-18 21:43:25.125 [main] INFO  com.baomidou.mybatisplus.spring.MybatisPlusApplicationContextAware -[traceId=,spanId=]- Register ApplicationContext instances org.springframework.boot.web.servlet.context.AnnotationConfigServletWebServerApplicationContext@a0f53fc
2026-09-18 21:43:26.451 [main] INFO  org.apache.coyote.http11.Http11NioProtocol -[traceId=,spanId=]- Starting ProtocolHandler ["http-nio-auto-1"]
2026-09-18 21:43:26.541 [main] INFO  org.apache.coyote.http11.Http11NioProtocol -[traceId=,spanId=]- Initializing ProtocolHandler ["http-nio-0.0.0.0-auto-2"]
2026-09-18 21:43:26.542 [main] INFO  org.apache.catalina.core.StandardService -[traceId=,spanId=]- Starting service [Tomcat]
2026-09-18 21:43:26.542 [main] INFO  org.apache.catalina.core.StandardEngine -[traceId=,spanId=]- Starting Servlet engine: [Apache Tomcat/10.1.55]
2026-09-18 21:43:26.567 [main] INFO  org.apache.catalina.core.ContainerBase.[Tomcat-1].[localhost].[/] -[traceId=,spanId=]- Initializing Spring embedded WebApplicationContext
2026-09-18 21:43:26.616 [main] INFO  org.apache.coyote.http11.Http11NioProtocol -[traceId=,spanId=]- Starting ProtocolHandler ["http-nio-0.0.0.0-auto-2"]
2026-09-18 21:43:26.673 [main] INFO  com.example.demo.NativeTracingHttpTest -[traceId=,spanId=]- Started NativeTracingHttpTest in 6.358 seconds (process running for 7.502)
2026-09-18 21:43:27.398 [SpringApplicationShutdownHook] INFO  com.alibaba.druid.pool.DruidDataSource -[traceId=,spanId=]- {dataSource-1} closing ...
2026-09-18 21:43:27.401 [SpringApplicationShutdownHook] INFO  com.alibaba.druid.pool.DruidDataSource -[traceId=,spanId=]- {dataSource-1} closed
2026-09-18 21:45:00.620 [background-preinit] INFO  org.hibernate.validator.internal.util.Version -[traceId=,spanId=]- HV000001: Hibernate Validator 8.0.3.Final
2026-09-18 21:45:00.668 [main] INFO  com.example.demo.NativeTracingHttpTest -[traceId=,spanId=]- Starting NativeTracingHttpTest using Java 21.0.9 with PID 530544 (started by 50917 in E:\wyr\spring-boot-base)
2026-09-18 21:45:00.673 [main] INFO  com.example.demo.NativeTracingHttpTest -[traceId=,spanId=]- The following 1 profile is active: "test"
2026-09-18 21:45:03.009 [main] INFO  org.apache.coyote.http11.Http11NioProtocol -[traceId=,spanId=]- Initializing ProtocolHandler ["http-nio-auto-1"]
2026-09-18 21:45:03.011 [main] INFO  org.apache.catalina.core.StandardService -[traceId=,spanId=]- Starting service [Tomcat]
2026-09-18 21:45:03.011 [main] INFO  org.apache.catalina.core.StandardEngine -[traceId=,spanId=]- Starting Servlet engine: [Apache Tomcat/10.1.55]
2026-09-18 21:45:03.078 [main] INFO  org.apache.catalina.core.ContainerBase.[Tomcat].[localhost].[/] -[traceId=,spanId=]- Initializing Spring embedded WebApplicationContext
2026-09-18 21:45:03.973 [main] INFO  com.alibaba.druid.spring.boot3.autoconfigure.DruidDataSourceAutoConfigure -[traceId=,spanId=]- Init DruidDataSource
2026-09-18 21:45:04.316 [main] INFO  com.alibaba.druid.pool.DruidDataSource -[traceId=,spanId=]- {dataSource-1} inited
2026-09-18 21:45:04.733 [main] INFO  com.example.demo.config.TaskExecutorConfig -[traceId=,spanId=]- async-task-thread-pool init success.
2026-09-18 21:45:05.172 [main] INFO  com.baomidou.mybatisplus.spring.MybatisPlusApplicationContextAware -[traceId=,spanId=]- Register ApplicationContext instances org.springframework.boot.web.servlet.context.AnnotationConfigServletWebServerApplicationContext@a0f53fc
2026-09-18 21:45:06.435 [main] INFO  org.apache.coyote.http11.Http11NioProtocol -[traceId=,spanId=]- Starting ProtocolHandler ["http-nio-auto-1"]
2026-09-18 21:45:06.529 [main] INFO  org.apache.coyote.http11.Http11NioProtocol -[traceId=,spanId=]- Initializing ProtocolHandler ["http-nio-0.0.0.0-auto-2"]
2026-09-18 21:45:06.530 [main] INFO  org.apache.catalina.core.StandardService -[traceId=,spanId=]- Starting service [Tomcat]
2026-09-18 21:45:06.531 [main] INFO  org.apache.catalina.core.StandardEngine -[traceId=,spanId=]- Starting Servlet engine: [Apache Tomcat/10.1.55]
2026-09-18 21:45:06.561 [main] INFO  org.apache.catalina.core.ContainerBase.[Tomcat-1].[localhost].[/] -[traceId=,spanId=]- Initializing Spring embedded WebApplicationContext
2026-09-18 21:45:06.615 [main] INFO  org.apache.coyote.http11.Http11NioProtocol -[traceId=,spanId=]- Starting ProtocolHandler ["http-nio-0.0.0.0-auto-2"]
2026-09-18 21:45:06.659 [main] INFO  com.example.demo.NativeTracingHttpTest -[traceId=,spanId=]- Started NativeTracingHttpTest in 6.438 seconds (process running for 7.576)
2026-09-18 21:45:07.463 [SpringApplicationShutdownHook] INFO  com.alibaba.druid.pool.DruidDataSource -[traceId=,spanId=]- {dataSource-1} closing ...
2026-09-18 21:45:07.465 [SpringApplicationShutdownHook] INFO  com.alibaba.druid.pool.DruidDataSource -[traceId=,spanId=]- {dataSource-1} closed
2026-09-18 21:46:20.148 [background-preinit] INFO  org.hibernate.validator.internal.util.Version -[traceId=,spanId=]- HV000001: Hibernate Validator 8.0.3.Final
2026-09-18 21:46:20.195 [main] INFO  com.example.demo.NativeTracingHttpTest -[traceId=,spanId=]- Starting NativeTracingHttpTest using Java 21.0.9 with PID 515320 (started by 50917 in E:\wyr\spring-boot-base)
2026-09-18 21:46:20.198 [main] INFO  com.example.demo.NativeTracingHttpTest -[traceId=,spanId=]- The following 1 profile is active: "test"
2026-09-18 21:46:22.466 [main] INFO  org.apache.coyote.http11.Http11NioProtocol -[traceId=,spanId=]- Initializing ProtocolHandler ["http-nio-auto-1"]
2026-09-18 21:46:22.468 [main] INFO  org.apache.catalina.core.StandardService -[traceId=,spanId=]- Starting service [Tomcat]
2026-09-18 21:46:22.469 [main] INFO  org.apache.catalina.core.StandardEngine -[traceId=,spanId=]- Starting Servlet engine: [Apache Tomcat/10.1.55]
2026-09-18 21:46:22.532 [main] INFO  org.apache.catalina.core.ContainerBase.[Tomcat].[localhost].[/] -[traceId=,spanId=]- Initializing Spring embedded WebApplicationContext
2026-09-18 21:46:23.452 [main] INFO  com.alibaba.druid.spring.boot3.autoconfigure.DruidDataSourceAutoConfigure -[traceId=,spanId=]- Init DruidDataSource
2026-09-18 21:46:23.798 [main] INFO  com.alibaba.druid.pool.DruidDataSource -[traceId=,spanId=]- {dataSource-1} inited
2026-09-18 21:46:24.203 [main] INFO  com.example.demo.config.TaskExecutorConfig -[traceId=,spanId=]- async-task-thread-pool init success.
2026-09-18 21:46:24.633 [main] INFO  com.baomidou.mybatisplus.spring.MybatisPlusApplicationContextAware -[traceId=,spanId=]- Register ApplicationContext instances org.springframework.boot.web.servlet.context.AnnotationConfigServletWebServerApplicationContext@1174a305
2026-09-18 21:46:25.886 [main] INFO  org.apache.coyote.http11.Http11NioProtocol -[traceId=,spanId=]- Starting ProtocolHandler ["http-nio-auto-1"]
2026-09-18 21:46:25.975 [main] INFO  org.apache.coyote.http11.Http11NioProtocol -[traceId=,spanId=]- Initializing ProtocolHandler ["http-nio-0.0.0.0-auto-2"]
2026-09-18 21:46:25.976 [main] INFO  org.apache.catalina.core.StandardService -[traceId=,spanId=]- Starting service [Tomcat]
2026-09-18 21:46:25.976 [main] INFO  org.apache.catalina.core.StandardEngine -[traceId=,spanId=]- Starting Servlet engine: [Apache Tomcat/10.1.55]
2026-09-18 21:46:26.000 [main] INFO  org.apache.catalina.core.ContainerBase.[Tomcat-1].[localhost].[/] -[traceId=,spanId=]- Initializing Spring embedded WebApplicationContext
2026-09-18 21:46:26.048 [main] INFO  org.apache.coyote.http11.Http11NioProtocol -[traceId=,spanId=]- Starting ProtocolHandler ["http-nio-0.0.0.0-auto-2"]
2026-09-18 21:46:26.112 [main] INFO  com.example.demo.NativeTracingHttpTest -[traceId=,spanId=]- Started NativeTracingHttpTest in 6.363 seconds (process running for 7.497)
2026-09-18 21:46:26.834 [http-nio-auto-1-exec-1] INFO  org.apache.catalina.core.ContainerBase.[Tomcat].[localhost].[/] -[traceId=,spanId=]- Initializing Spring DispatcherServlet 'dispatcherServlet'
2026-09-18 21:46:27.049 [SpringApplicationShutdownHook] INFO  com.alibaba.druid.pool.DruidDataSource -[traceId=,spanId=]- {dataSource-1} closing ...
2026-09-18 21:46:27.051 [SpringApplicationShutdownHook] INFO  com.alibaba.druid.pool.DruidDataSource -[traceId=,spanId=]- {dataSource-1} closed
2026-09-18 21:47:10.139 [background-preinit] INFO  org.hibernate.validator.internal.util.Version -[traceId=,spanId=]- HV000001: Hibernate Validator 8.0.3.Final
2026-09-18 21:47:10.184 [main] INFO  com.example.demo.NativeTracingHttpTest -[traceId=,spanId=]- Starting NativeTracingHttpTest using Java 21.0.9 with PID 534252 (started by 50917 in E:\wyr\spring-boot-base)
2026-09-18 21:47:10.189 [main] INFO  com.example.demo.NativeTracingHttpTest -[traceId=,spanId=]- The following 1 profile is active: "test"
2026-09-18 21:47:12.491 [main] INFO  org.apache.coyote.http11.Http11NioProtocol -[traceId=,spanId=]- Initializing ProtocolHandler ["http-nio-auto-1"]
2026-09-18 21:47:12.493 [main] INFO  org.apache.catalina.core.StandardService -[traceId=,spanId=]- Starting service [Tomcat]
2026-09-18 21:47:12.493 [main] INFO  org.apache.catalina.core.StandardEngine -[traceId=,spanId=]- Starting Servlet engine: [Apache Tomcat/10.1.55]
2026-09-18 21:47:12.554 [main] INFO  org.apache.catalina.core.ContainerBase.[Tomcat].[localhost].[/] -[traceId=,spanId=]- Initializing Spring embedded WebApplicationContext
2026-09-18 21:47:13.424 [main] INFO  com.alibaba.druid.spring.boot3.autoconfigure.DruidDataSourceAutoConfigure -[traceId=,spanId=]- Init DruidDataSource
2026-09-18 21:47:13.770 [main] INFO  com.alibaba.druid.pool.DruidDataSource -[traceId=,spanId=]- {dataSource-1} inited
2026-09-18 21:47:14.192 [main] INFO  com.example.demo.config.TaskExecutorConfig -[traceId=,spanId=]- async-task-thread-pool init success.
2026-09-18 21:47:14.613 [main] INFO  com.baomidou.mybatisplus.spring.MybatisPlusApplicationContextAware -[traceId=,spanId=]- Register ApplicationContext instances org.springframework.boot.web.servlet.context.AnnotationConfigServletWebServerApplicationContext@76db540e
2026-09-18 21:47:15.915 [main] INFO  org.apache.coyote.http11.Http11NioProtocol -[traceId=,spanId=]- Starting ProtocolHandler ["http-nio-auto-1"]
2026-09-18 21:47:16.007 [main] INFO  org.apache.coyote.http11.Http11NioProtocol -[traceId=,spanId=]- Initializing ProtocolHandler ["http-nio-0.0.0.0-auto-2"]
2026-09-18 21:47:16.008 [main] INFO  org.apache.catalina.core.StandardService -[traceId=,spanId=]- Starting service [Tomcat]
2026-09-18 21:47:16.008 [main] INFO  org.apache.catalina.core.StandardEngine -[traceId=,spanId=]- Starting Servlet engine: [Apache Tomcat/10.1.55]
2026-09-18 21:47:16.032 [main] INFO  org.apache.catalina.core.ContainerBase.[Tomcat-1].[localhost].[/] -[traceId=,spanId=]- Initializing Spring embedded WebApplicationContext
2026-09-18 21:47:16.082 [main] INFO  org.apache.coyote.http11.Http11NioProtocol -[traceId=,spanId=]- Starting ProtocolHandler ["http-nio-0.0.0.0-auto-2"]
2026-09-18 21:47:16.130 [main] INFO  com.example.demo.NativeTracingHttpTest -[traceId=,spanId=]- Started NativeTracingHttpTest in 6.394 seconds (process running for 7.515)
2026-09-18 21:47:16.860 [http-nio-auto-1-exec-1] INFO  org.apache.catalina.core.ContainerBase.[Tomcat].[localhost].[/] -[traceId=,spanId=]- Initializing Spring DispatcherServlet 'dispatcherServlet'
2026-09-18 21:47:17.088 [SpringApplicationShutdownHook] INFO  com.alibaba.druid.pool.DruidDataSource -[traceId=,spanId=]- {dataSource-1} closing ...
2026-09-18 21:47:17.090 [SpringApplicationShutdownHook] INFO  com.alibaba.druid.pool.DruidDataSource -[traceId=,spanId=]- {dataSource-1} closed
2026-09-18 21:47:47.595 [background-preinit] INFO  org.hibernate.validator.internal.util.Version -[traceId=,spanId=]- HV000001: Hibernate Validator 8.0.3.Final
2026-09-18 21:47:47.637 [main] INFO  com.example.demo.NativeTracingHttpTest -[traceId=,spanId=]- Starting NativeTracingHttpTest using Java 21.0.9 with PID 530428 (started by 50917 in E:\wyr\spring-boot-base)
2026-09-18 21:47:47.644 [main] INFO  com.example.demo.NativeTracingHttpTest -[traceId=,spanId=]- The following 1 profile is active: "test"
2026-09-18 21:47:49.990 [main] INFO  org.apache.coyote.http11.Http11NioProtocol -[traceId=,spanId=]- Initializing ProtocolHandler ["http-nio-auto-1"]
2026-09-18 21:47:49.993 [main] INFO  org.apache.catalina.core.StandardService -[traceId=,spanId=]- Starting service [Tomcat]
2026-09-18 21:47:49.993 [main] INFO  org.apache.catalina.core.StandardEngine -[traceId=,spanId=]- Starting Servlet engine: [Apache Tomcat/10.1.55]
2026-09-18 21:47:50.065 [main] INFO  org.apache.catalina.core.ContainerBase.[Tomcat].[localhost].[/] -[traceId=,spanId=]- Initializing Spring embedded WebApplicationContext
2026-09-18 21:47:50.929 [main] INFO  com.alibaba.druid.spring.boot3.autoconfigure.DruidDataSourceAutoConfigure -[traceId=,spanId=]- Init DruidDataSource
2026-09-18 21:47:51.304 [main] INFO  com.alibaba.druid.pool.DruidDataSource -[traceId=,spanId=]- {dataSource-1} inited
2026-09-18 21:47:51.731 [main] INFO  com.example.demo.config.TaskExecutorConfig -[traceId=,spanId=]- async-task-thread-pool init success.
2026-09-18 21:47:52.232 [main] INFO  com.baomidou.mybatisplus.spring.MybatisPlusApplicationContextAware -[traceId=,spanId=]- Register ApplicationContext instances org.springframework.boot.web.servlet.context.AnnotationConfigServletWebServerApplicationContext@5f117b3d
2026-09-18 21:47:53.564 [main] INFO  org.apache.coyote.http11.Http11NioProtocol -[traceId=,spanId=]- Starting ProtocolHandler ["http-nio-auto-1"]
2026-09-18 21:47:53.659 [main] INFO  org.apache.coyote.http11.Http11NioProtocol -[traceId=,spanId=]- Initializing ProtocolHandler ["http-nio-0.0.0.0-auto-2"]
2026-09-18 21:47:53.660 [main] INFO  org.apache.catalina.core.StandardService -[traceId=,spanId=]- Starting service [Tomcat]
2026-09-18 21:47:53.660 [main] INFO  org.apache.catalina.core.StandardEngine -[traceId=,spanId=]- Starting Servlet engine: [Apache Tomcat/10.1.55]
2026-09-18 21:47:53.684 [main] INFO  org.apache.catalina.core.ContainerBase.[Tomcat-1].[localhost].[/] -[traceId=,spanId=]- Initializing Spring embedded WebApplicationContext
2026-09-18 21:47:53.737 [main] INFO  org.apache.coyote.http11.Http11NioProtocol -[traceId=,spanId=]- Starting ProtocolHandler ["http-nio-0.0.0.0-auto-2"]
2026-09-18 21:47:53.776 [main] INFO  com.example.demo.NativeTracingHttpTest -[traceId=,spanId=]- Started NativeTracingHttpTest in 6.598 seconds (process running for 7.729)
2026-09-18 21:47:54.473 [SpringApplicationShutdownHook] INFO  com.alibaba.druid.pool.DruidDataSource -[traceId=,spanId=]- {dataSource-1} closing ...
2026-09-18 21:47:54.476 [SpringApplicationShutdownHook] INFO  com.alibaba.druid.pool.DruidDataSource -[traceId=,spanId=]- {dataSource-1} closed
2026-09-18 21:48:11.324 [background-preinit] INFO  org.hibernate.validator.internal.util.Version -[traceId=,spanId=]- HV000001: Hibernate Validator 8.0.3.Final
2026-09-18 21:48:11.367 [main] INFO  com.example.demo.NativeTracingHttpTest -[traceId=,spanId=]- Starting NativeTracingHttpTest using Java 21.0.9 with PID 533712 (started by 50917 in E:\wyr\spring-boot-base)
2026-09-18 21:48:11.372 [main] INFO  com.example.demo.NativeTracingHttpTest -[traceId=,spanId=]- The following 1 profile is active: "test"
2026-09-18 21:48:13.586 [main] INFO  org.apache.coyote.http11.Http11NioProtocol -[traceId=,spanId=]- Initializing ProtocolHandler ["http-nio-auto-1"]
2026-09-18 21:48:13.588 [main] INFO  org.apache.catalina.core.StandardService -[traceId=,spanId=]- Starting service [Tomcat]
2026-09-18 21:48:13.588 [main] INFO  org.apache.catalina.core.StandardEngine -[traceId=,spanId=]- Starting Servlet engine: [Apache Tomcat/10.1.55]
2026-09-18 21:48:13.663 [main] INFO  org.apache.catalina.core.ContainerBase.[Tomcat].[localhost].[/] -[traceId=,spanId=]- Initializing Spring embedded WebApplicationContext
2026-09-18 21:48:14.585 [main] INFO  com.alibaba.druid.spring.boot3.autoconfigure.DruidDataSourceAutoConfigure -[traceId=,spanId=]- Init DruidDataSource
2026-09-18 21:48:14.929 [main] INFO  com.alibaba.druid.pool.DruidDataSource -[traceId=,spanId=]- {dataSource-1} inited
2026-09-18 21:48:15.321 [main] INFO  com.example.demo.config.TaskExecutorConfig -[traceId=,spanId=]- async-task-thread-pool init success.
2026-09-18 21:48:15.767 [main] INFO  com.baomidou.mybatisplus.spring.MybatisPlusApplicationContextAware -[traceId=,spanId=]- Register ApplicationContext instances org.springframework.boot.web.servlet.context.AnnotationConfigServletWebServerApplicationContext@5f117b3d
2026-09-18 21:48:16.998 [main] INFO  org.apache.coyote.http11.Http11NioProtocol -[traceId=,spanId=]- Starting ProtocolHandler ["http-nio-auto-1"]
2026-09-18 21:48:17.107 [main] INFO  org.apache.coyote.http11.Http11NioProtocol -[traceId=,spanId=]- Initializing ProtocolHandler ["http-nio-0.0.0.0-auto-2"]
2026-09-18 21:48:17.107 [main] INFO  org.apache.catalina.core.StandardService -[traceId=,spanId=]- Starting service [Tomcat]
2026-09-18 21:48:17.108 [main] INFO  org.apache.catalina.core.StandardEngine -[traceId=,spanId=]- Starting Servlet engine: [Apache Tomcat/10.1.55]
2026-09-18 21:48:17.132 [main] INFO  org.apache.catalina.core.ContainerBase.[Tomcat-1].[localhost].[/] -[traceId=,spanId=]- Initializing Spring embedded WebApplicationContext
2026-09-18 21:48:17.184 [main] INFO  org.apache.coyote.http11.Http11NioProtocol -[traceId=,spanId=]- Starting ProtocolHandler ["http-nio-0.0.0.0-auto-2"]
2026-09-18 21:48:17.223 [main] INFO  com.example.demo.NativeTracingHttpTest -[traceId=,spanId=]- Started NativeTracingHttpTest in 6.312 seconds (process running for 7.488)
2026-09-18 21:48:17.896 [http-nio-auto-1-exec-1] INFO  org.apache.catalina.core.ContainerBase.[Tomcat].[localhost].[/] -[traceId=,spanId=]- Initializing Spring DispatcherServlet 'dispatcherServlet'
2026-09-18 21:48:18.114 [SpringApplicationShutdownHook] INFO  com.alibaba.druid.pool.DruidDataSource -[traceId=,spanId=]- {dataSource-1} closing ...
2026-09-18 21:48:18.116 [SpringApplicationShutdownHook] INFO  com.alibaba.druid.pool.DruidDataSource -[traceId=,spanId=]- {dataSource-1} closed
2026-09-18 21:48:40.229 [background-preinit] INFO  org.hibernate.validator.internal.util.Version -[traceId=,spanId=]- HV000001: Hibernate Validator 8.0.3.Final
2026-09-18 21:48:40.259 [main] INFO  com.example.demo.ApplicationTests -[traceId=,spanId=]- Starting ApplicationTests using Java 21.0.9 with PID 535508 (started by 50917 in E:\wyr\spring-boot-base)
2026-09-18 21:48:40.263 [main] INFO  com.example.demo.ApplicationTests -[traceId=,spanId=]- The following 1 profile is active: "test"
2026-09-18 21:48:42.956 [main] INFO  com.alibaba.druid.spring.boot3.autoconfigure.DruidDataSourceAutoConfigure -[traceId=,spanId=]- Init DruidDataSource
2026-09-18 21:48:43.302 [main] INFO  com.alibaba.druid.pool.DruidDataSource -[traceId=,spanId=]- {dataSource-1} inited
2026-09-18 21:48:43.705 [main] INFO  com.example.demo.config.TaskExecutorConfig -[traceId=,spanId=]- async-task-thread-pool init success.
2026-09-18 21:48:44.205 [main] INFO  com.baomidou.mybatisplus.spring.MybatisPlusApplicationContextAware -[traceId=,spanId=]- Register ApplicationContext instances org.springframework.web.context.support.GenericWebApplicationContext@260a3a5e
2026-09-18 21:48:45.619 [main] INFO  com.example.demo.ApplicationTests -[traceId=,spanId=]- Started ApplicationTests in 5.791 seconds (process running for 6.897)
2026-09-18 21:48:46.380 [SpringApplicationShutdownHook] INFO  com.alibaba.druid.pool.DruidDataSource -[traceId=,spanId=]- {dataSource-1} closing ...
2026-09-18 21:48:46.383 [SpringApplicationShutdownHook] INFO  com.alibaba.druid.pool.DruidDataSource -[traceId=,spanId=]- {dataSource-1} closed
2026-09-18 21:49:15.700 [background-preinit] INFO  org.hibernate.validator.internal.util.Version -[traceId=,spanId=]- HV000001: Hibernate Validator 8.0.3.Final
2026-09-18 21:49:15.722 [main] INFO  com.example.demo.ApplicationTests -[traceId=,spanId=]- Starting ApplicationTests using Java 21.0.9 with PID 536356 (started by 50917 in E:\wyr\spring-boot-base)
2026-09-18 21:49:15.727 [main] INFO  com.example.demo.ApplicationTests -[traceId=,spanId=]- The following 1 profile is active: "test"
2026-09-18 21:49:18.421 [main] INFO  com.alibaba.druid.spring.boot3.autoconfigure.DruidDataSourceAutoConfigure -[traceId=,spanId=]- Init DruidDataSource
2026-09-18 21:49:18.766 [main] INFO  com.alibaba.druid.pool.DruidDataSource -[traceId=,spanId=]- {dataSource-1} inited
2026-09-18 21:49:19.177 [main] INFO  com.example.demo.config.TaskExecutorConfig -[traceId=,spanId=]- async-task-thread-pool init success.
2026-09-18 21:49:19.722 [main] INFO  com.baomidou.mybatisplus.spring.MybatisPlusApplicationContextAware -[traceId=,spanId=]- Register ApplicationContext instances org.springframework.web.context.support.GenericWebApplicationContext@16c587de
2026-09-18 21:49:21.222 [main] INFO  com.example.demo.ApplicationTests -[traceId=,spanId=]- Started ApplicationTests in 5.919 seconds (process running for 7.035)
2026-09-18 21:49:22.769 [main] INFO  com.example.demo.NativeTracingHttpTest -[traceId=,spanId=]- Starting NativeTracingHttpTest using Java 21.0.9 with PID 536356 (started by 50917 in E:\wyr\spring-boot-base)
2026-09-18 21:49:22.770 [main] INFO  com.example.demo.NativeTracingHttpTest -[traceId=,spanId=]- The following 1 profile is active: "test"
2026-09-18 21:49:23.628 [main] INFO  org.apache.coyote.http11.Http11NioProtocol -[traceId=,spanId=]- Initializing ProtocolHandler ["http-nio-auto-1"]
2026-09-18 21:49:23.630 [main] INFO  org.apache.catalina.core.StandardService -[traceId=,spanId=]- Starting service [Tomcat]
2026-09-18 21:49:23.630 [main] INFO  org.apache.catalina.core.StandardEngine -[traceId=,spanId=]- Starting Servlet engine: [Apache Tomcat/10.1.55]
2026-09-18 21:49:23.697 [main] INFO  org.apache.catalina.core.ContainerBase.[Tomcat].[localhost].[/] -[traceId=,spanId=]- Initializing Spring embedded WebApplicationContext
2026-09-18 21:49:23.961 [main] INFO  com.alibaba.druid.spring.boot3.autoconfigure.DruidDataSourceAutoConfigure -[traceId=,spanId=]- Init DruidDataSource
2026-09-18 21:49:23.983 [main] INFO  com.alibaba.druid.pool.DruidDataSource -[traceId=,spanId=]- {dataSource-2} inited
2026-09-18 21:49:24.114 [main] INFO  com.example.demo.config.TaskExecutorConfig -[traceId=,spanId=]- async-task-thread-pool init success.
2026-09-18 21:49:24.293 [main] INFO  com.baomidou.mybatisplus.spring.MybatisPlusApplicationContextAware -[traceId=,spanId=]- Register ApplicationContext instances org.springframework.boot.web.servlet.context.AnnotationConfigServletWebServerApplicationContext@2531c319
2026-09-18 21:49:24.754 [main] INFO  org.apache.coyote.http11.Http11NioProtocol -[traceId=,spanId=]- Starting ProtocolHandler ["http-nio-auto-1"]
2026-09-18 21:49:24.841 [main] INFO  org.apache.coyote.http11.Http11NioProtocol -[traceId=,spanId=]- Initializing ProtocolHandler ["http-nio-0.0.0.0-auto-2"]
2026-09-18 21:49:24.842 [main] INFO  org.apache.catalina.core.StandardService -[traceId=,spanId=]- Starting service [Tomcat]
2026-09-18 21:49:24.842 [main] INFO  org.apache.catalina.core.StandardEngine -[traceId=,spanId=]- Starting Servlet engine: [Apache Tomcat/10.1.55]
2026-09-18 21:49:24.867 [main] INFO  org.apache.catalina.core.ContainerBase.[Tomcat-1].[localhost].[/] -[traceId=,spanId=]- Initializing Spring embedded WebApplicationContext
2026-09-18 21:49:24.931 [main] INFO  org.apache.coyote.http11.Http11NioProtocol -[traceId=,spanId=]- Starting ProtocolHandler ["http-nio-0.0.0.0-auto-2"]
2026-09-18 21:49:24.953 [main] INFO  com.example.demo.NativeTracingHttpTest -[traceId=,spanId=]- Started NativeTracingHttpTest in 2.244 seconds (process running for 10.765)
2026-09-18 21:49:25.120 [http-nio-auto-1-exec-1] INFO  org.apache.catalina.core.ContainerBase.[Tomcat].[localhost].[/] -[traceId=,spanId=]- Initializing Spring DispatcherServlet 'dispatcherServlet'
2026-09-18 21:49:25.259 [main] INFO  com.example.demo.NativeTracingTest -[traceId=,spanId=]- Starting NativeTracingTest using Java 21.0.9 with PID 536356 (started by 50917 in E:\wyr\spring-boot-base)
2026-09-18 21:49:25.260 [main] INFO  com.example.demo.NativeTracingTest -[traceId=,spanId=]- The following 1 profile is active: "test"
2026-09-18 21:49:25.777 [main] INFO  com.alibaba.druid.spring.boot3.autoconfigure.DruidDataSourceAutoConfigure -[traceId=,spanId=]- Init DruidDataSource
2026-09-18 21:49:25.794 [main] INFO  com.alibaba.druid.pool.DruidDataSource -[traceId=,spanId=]- {dataSource-3} inited
2026-09-18 21:49:25.892 [main] INFO  com.example.demo.config.TaskExecutorConfig -[traceId=,spanId=]- async-task-thread-pool init success.
2026-09-18 21:49:26.072 [main] INFO  com.baomidou.mybatisplus.spring.MybatisPlusApplicationContextAware -[traceId=,spanId=]- Register ApplicationContext instances org.springframework.web.context.support.GenericWebApplicationContext@28964cb5
2026-09-18 21:49:26.488 [main] INFO  com.example.demo.NativeTracingTest -[traceId=,spanId=]- Started NativeTracingTest in 1.259 seconds (process running for 12.3)
2026-09-18 21:49:26.544 [SpringApplicationShutdownHook] INFO  com.alibaba.druid.pool.DruidDataSource -[traceId=,spanId=]- {dataSource-1} closing ...
2026-09-18 21:49:26.546 [SpringApplicationShutdownHook] INFO  com.alibaba.druid.pool.DruidDataSource -[traceId=,spanId=]- {dataSource-1} closed
2026-09-18 21:49:26.583 [SpringApplicationShutdownHook] INFO  com.alibaba.druid.pool.DruidDataSource -[traceId=,spanId=]- {dataSource-2} closing ...
2026-09-18 21:49:26.583 [SpringApplicationShutdownHook] INFO  com.alibaba.druid.pool.DruidDataSource -[traceId=,spanId=]- {dataSource-2} closed
2026-09-18 21:49:26.598 [SpringApplicationShutdownHook] INFO  com.alibaba.druid.pool.DruidDataSource -[traceId=,spanId=]- {dataSource-3} closing ...
2026-09-18 21:49:26.599 [SpringApplicationShutdownHook] INFO  com.alibaba.druid.pool.DruidDataSource -[traceId=,spanId=]- {dataSource-3} closed
2026-09-18 21:50:46.113 [background-preinit] INFO  org.hibernate.validator.internal.util.Version -[traceId=,spanId=]- HV000001: Hibernate Validator 8.0.3.Final
2026-09-18 21:50:46.141 [main] INFO  com.example.demo.ApplicationTests -[traceId=,spanId=]- Starting ApplicationTests using Java 21.0.9 with PID 535476 (started by 50917 in E:\wyr\spring-boot-base)
2026-09-18 21:50:46.146 [main] INFO  com.example.demo.ApplicationTests -[traceId=,spanId=]- The following 1 profile is active: "test"
2026-09-18 21:50:48.798 [main] INFO  com.alibaba.druid.spring.boot3.autoconfigure.DruidDataSourceAutoConfigure -[traceId=,spanId=]- Init DruidDataSource
2026-09-18 21:50:49.163 [main] INFO  com.alibaba.druid.pool.DruidDataSource -[traceId=,spanId=]- {dataSource-1} inited
2026-09-18 21:50:49.573 [main] INFO  com.example.demo.config.TaskExecutorConfig -[traceId=,spanId=]- async-task-thread-pool init success.
2026-09-18 21:50:50.110 [main] INFO  com.baomidou.mybatisplus.spring.MybatisPlusApplicationContextAware -[traceId=,spanId=]- Register ApplicationContext instances org.springframework.web.context.support.GenericWebApplicationContext@16c587de
2026-09-18 21:50:51.519 [main] INFO  com.example.demo.ApplicationTests -[traceId=,spanId=]- Started ApplicationTests in 5.809 seconds (process running for 6.958)
2026-09-18 21:50:53.110 [main] INFO  com.example.demo.NativeTracingHttpTest -[traceId=,spanId=]- Starting NativeTracingHttpTest using Java 21.0.9 with PID 535476 (started by 50917 in E:\wyr\spring-boot-base)
2026-09-18 21:50:53.111 [main] INFO  com.example.demo.NativeTracingHttpTest -[traceId=,spanId=]- The following 1 profile is active: "test"
2026-09-18 21:50:54.058 [main] INFO  org.apache.coyote.http11.Http11NioProtocol -[traceId=,spanId=]- Initializing ProtocolHandler ["http-nio-auto-1"]
2026-09-18 21:50:54.060 [main] INFO  org.apache.catalina.core.StandardService -[traceId=,spanId=]- Starting service [Tomcat]
2026-09-18 21:50:54.060 [main] INFO  org.apache.catalina.core.StandardEngine -[traceId=,spanId=]- Starting Servlet engine: [Apache Tomcat/10.1.55]
2026-09-18 21:50:54.124 [main] INFO  org.apache.catalina.core.ContainerBase.[Tomcat].[localhost].[/] -[traceId=,spanId=]- Initializing Spring embedded WebApplicationContext
2026-09-18 21:50:54.415 [main] INFO  com.alibaba.druid.spring.boot3.autoconfigure.DruidDataSourceAutoConfigure -[traceId=,spanId=]- Init DruidDataSource
2026-09-18 21:50:54.438 [main] INFO  com.alibaba.druid.pool.DruidDataSource -[traceId=,spanId=]- {dataSource-2} inited
2026-09-18 21:50:54.598 [main] INFO  com.example.demo.config.TaskExecutorConfig -[traceId=,spanId=]- async-task-thread-pool init success.
2026-09-18 21:50:54.847 [main] INFO  com.baomidou.mybatisplus.spring.MybatisPlusApplicationContextAware -[traceId=,spanId=]- Register ApplicationContext instances org.springframework.boot.web.servlet.context.AnnotationConfigServletWebServerApplicationContext@6b85fabc
2026-09-18 21:50:55.404 [main] INFO  org.apache.coyote.http11.Http11NioProtocol -[traceId=,spanId=]- Starting ProtocolHandler ["http-nio-auto-1"]
2026-09-18 21:50:55.538 [main] INFO  org.apache.coyote.http11.Http11NioProtocol -[traceId=,spanId=]- Initializing ProtocolHandler ["http-nio-0.0.0.0-auto-2"]
2026-09-18 21:50:55.539 [main] INFO  org.apache.catalina.core.StandardService -[traceId=,spanId=]- Starting service [Tomcat]
2026-09-18 21:50:55.539 [main] INFO  org.apache.catalina.core.StandardEngine -[traceId=,spanId=]- Starting Servlet engine: [Apache Tomcat/10.1.55]
2026-09-18 21:50:55.565 [main] INFO  org.apache.catalina.core.ContainerBase.[Tomcat-1].[localhost].[/] -[traceId=,spanId=]- Initializing Spring embedded WebApplicationContext
2026-09-18 21:50:55.614 [main] INFO  org.apache.coyote.http11.Http11NioProtocol -[traceId=,spanId=]- Starting ProtocolHandler ["http-nio-0.0.0.0-auto-2"]
2026-09-18 21:50:55.726 [main] INFO  com.example.demo.NativeTracingHttpTest -[traceId=,spanId=]- Started NativeTracingHttpTest in 2.677 seconds (process running for 11.165)
2026-09-18 21:50:55.834 [http-nio-auto-1-exec-1] INFO  org.apache.catalina.core.ContainerBase.[Tomcat].[localhost].[/] -[traceId=,spanId=]- Initializing Spring DispatcherServlet 'dispatcherServlet'
2026-09-18 21:50:55.962 [main] INFO  com.example.demo.NativeTracingTest -[traceId=,spanId=]- Starting NativeTracingTest using Java 21.0.9 with PID 535476 (started by 50917 in E:\wyr\spring-boot-base)
2026-09-18 21:50:55.962 [main] INFO  com.example.demo.NativeTracingTest -[traceId=,spanId=]- The following 1 profile is active: "test"
2026-09-18 21:50:56.518 [main] INFO  com.alibaba.druid.spring.boot3.autoconfigure.DruidDataSourceAutoConfigure -[traceId=,spanId=]- Init DruidDataSource
2026-09-18 21:50:56.535 [main] INFO  com.alibaba.druid.pool.DruidDataSource -[traceId=,spanId=]- {dataSource-3} inited
2026-09-18 21:50:56.651 [main] INFO  com.example.demo.config.TaskExecutorConfig -[traceId=,spanId=]- async-task-thread-pool init success.
2026-09-18 21:50:56.806 [main] INFO  com.baomidou.mybatisplus.spring.MybatisPlusApplicationContextAware -[traceId=,spanId=]- Register ApplicationContext instances org.springframework.web.context.support.GenericWebApplicationContext@d556143
2026-09-18 21:50:57.271 [main] INFO  com.example.demo.NativeTracingTest -[traceId=,spanId=]- Started NativeTracingTest in 1.337 seconds (process running for 12.711)
2026-09-18 21:50:57.331 [SpringApplicationShutdownHook] INFO  com.alibaba.druid.pool.DruidDataSource -[traceId=,spanId=]- {dataSource-1} closing ...
2026-09-18 21:50:57.333 [SpringApplicationShutdownHook] INFO  com.alibaba.druid.pool.DruidDataSource -[traceId=,spanId=]- {dataSource-1} closed
2026-09-18 21:50:57.371 [SpringApplicationShutdownHook] INFO  com.alibaba.druid.pool.DruidDataSource -[traceId=,spanId=]- {dataSource-2} closing ...
2026-09-18 21:50:57.372 [SpringApplicationShutdownHook] INFO  com.alibaba.druid.pool.DruidDataSource -[traceId=,spanId=]- {dataSource-2} closed
2026-09-18 21:50:57.396 [SpringApplicationShutdownHook] INFO  com.alibaba.druid.pool.DruidDataSource -[traceId=,spanId=]- {dataSource-3} closing ...
2026-09-18 21:50:57.396 [SpringApplicationShutdownHook] INFO  com.alibaba.druid.pool.DruidDataSource -[traceId=,spanId=]- {dataSource-3} closed
2026-09-18 21:52:09.672 [background-preinit] INFO  org.hibernate.validator.internal.util.Version -[traceId=,spanId=]- HV000001: Hibernate Validator 8.0.3.Final
2026-09-18 21:52:09.696 [main] INFO  com.example.demo.ApplicationTests -[traceId=,spanId=]- Starting ApplicationTests using Java 21.0.9 with PID 534376 (started by 50917 in E:\wyr\spring-boot-base)
2026-09-18 21:52:09.701 [main] INFO  com.example.demo.ApplicationTests -[traceId=,spanId=]- The following 1 profile is active: "test"
2026-09-18 21:52:12.343 [main] INFO  com.alibaba.druid.spring.boot3.autoconfigure.DruidDataSourceAutoConfigure -[traceId=,spanId=]- Init DruidDataSource
2026-09-18 21:52:12.698 [main] INFO  com.alibaba.druid.pool.DruidDataSource -[traceId=,spanId=]- {dataSource-1} inited
2026-09-18 21:52:13.101 [main] INFO  com.example.demo.config.TaskExecutorConfig -[traceId=,spanId=]- async-task-thread-pool init success.
2026-09-18 21:52:13.680 [main] INFO  com.baomidou.mybatisplus.spring.MybatisPlusApplicationContextAware -[traceId=,spanId=]- Register ApplicationContext instances org.springframework.web.context.support.GenericWebApplicationContext@16c587de
2026-09-18 21:52:15.137 [main] INFO  com.example.demo.ApplicationTests -[traceId=,spanId=]- Started ApplicationTests in 5.874 seconds (process running for 7.011)
2026-09-18 21:52:16.683 [main] INFO  com.example.demo.NativeTracingHttpTest -[traceId=,spanId=]- Starting NativeTracingHttpTest using Java 21.0.9 with PID 534376 (started by 50917 in E:\wyr\spring-boot-base)
2026-09-18 21:52:16.685 [main] INFO  com.example.demo.NativeTracingHttpTest -[traceId=,spanId=]- The following 1 profile is active: "test"
2026-09-18 21:52:17.574 [main] INFO  org.apache.coyote.http11.Http11NioProtocol -[traceId=,spanId=]- Initializing ProtocolHandler ["http-nio-auto-1"]
2026-09-18 21:52:17.576 [main] INFO  org.apache.catalina.core.StandardService -[traceId=,spanId=]- Starting service [Tomcat]
2026-09-18 21:52:17.577 [main] INFO  org.apache.catalina.core.StandardEngine -[traceId=,spanId=]- Starting Servlet engine: [Apache Tomcat/10.1.55]
2026-09-18 21:52:17.643 [main] INFO  org.apache.catalina.core.ContainerBase.[Tomcat].[localhost].[/] -[traceId=,spanId=]- Initializing Spring embedded WebApplicationContext
2026-09-18 21:52:17.929 [main] INFO  com.alibaba.druid.spring.boot3.autoconfigure.DruidDataSourceAutoConfigure -[traceId=,spanId=]- Init DruidDataSource
2026-09-18 21:52:17.953 [main] INFO  com.alibaba.druid.pool.DruidDataSource -[traceId=,spanId=]- {dataSource-2} inited
2026-09-18 21:52:18.094 [main] INFO  com.example.demo.config.TaskExecutorConfig -[traceId=,spanId=]- async-task-thread-pool init success.
2026-09-18 21:52:18.299 [main] INFO  com.baomidou.mybatisplus.spring.MybatisPlusApplicationContextAware -[traceId=,spanId=]- Register ApplicationContext instances org.springframework.boot.web.servlet.context.AnnotationConfigServletWebServerApplicationContext@efc5686
2026-09-18 21:52:18.757 [main] INFO  org.apache.coyote.http11.Http11NioProtocol -[traceId=,spanId=]- Starting ProtocolHandler ["http-nio-auto-1"]
2026-09-18 21:52:18.843 [main] INFO  org.apache.coyote.http11.Http11NioProtocol -[traceId=,spanId=]- Initializing ProtocolHandler ["http-nio-0.0.0.0-auto-2"]
2026-09-18 21:52:18.844 [main] INFO  org.apache.catalina.core.StandardService -[traceId=,spanId=]- Starting service [Tomcat]
2026-09-18 21:52:18.844 [main] INFO  org.apache.catalina.core.StandardEngine -[traceId=,spanId=]- Starting Servlet engine: [Apache Tomcat/10.1.55]
2026-09-18 21:52:18.869 [main] INFO  org.apache.catalina.core.ContainerBase.[Tomcat-1].[localhost].[/] -[traceId=,spanId=]- Initializing Spring embedded WebApplicationContext
2026-09-18 21:52:18.920 [main] INFO  org.apache.coyote.http11.Http11NioProtocol -[traceId=,spanId=]- Starting ProtocolHandler ["http-nio-0.0.0.0-auto-2"]
2026-09-18 21:52:18.939 [main] INFO  com.example.demo.NativeTracingHttpTest -[traceId=,spanId=]- Started NativeTracingHttpTest in 2.319 seconds (process running for 10.813)
2026-09-18 21:52:19.075 [http-nio-auto-1-exec-1] INFO  org.apache.catalina.core.ContainerBase.[Tomcat].[localhost].[/] -[traceId=,spanId=]- Initializing Spring DispatcherServlet 'dispatcherServlet'
2026-09-18 21:52:19.198 [main] INFO  com.example.demo.NativeTracingTest -[traceId=,spanId=]- Starting NativeTracingTest using Java 21.0.9 with PID 534376 (started by 50917 in E:\wyr\spring-boot-base)
2026-09-18 21:52:19.199 [main] INFO  com.example.demo.NativeTracingTest -[traceId=,spanId=]- The following 1 profile is active: "test"
2026-09-18 21:52:19.794 [main] INFO  com.alibaba.druid.spring.boot3.autoconfigure.DruidDataSourceAutoConfigure -[traceId=,spanId=]- Init DruidDataSource
2026-09-18 21:52:19.812 [main] INFO  com.alibaba.druid.pool.DruidDataSource -[traceId=,spanId=]- {dataSource-3} inited
2026-09-18 21:52:19.909 [main] INFO  com.example.demo.config.TaskExecutorConfig -[traceId=,spanId=]- async-task-thread-pool init success.
2026-09-18 21:52:20.067 [main] INFO  com.baomidou.mybatisplus.spring.MybatisPlusApplicationContextAware -[traceId=,spanId=]- Register ApplicationContext instances org.springframework.web.context.support.GenericWebApplicationContext@2b79945f
2026-09-18 21:52:20.463 [main] INFO  com.example.demo.NativeTracingTest -[traceId=,spanId=]- Started NativeTracingTest in 1.292 seconds (process running for 12.338)
2026-09-18 21:52:20.523 [SpringApplicationShutdownHook] INFO  com.alibaba.druid.pool.DruidDataSource -[traceId=,spanId=]- {dataSource-1} closing ...
2026-09-18 21:52:20.525 [SpringApplicationShutdownHook] INFO  com.alibaba.druid.pool.DruidDataSource -[traceId=,spanId=]- {dataSource-1} closed
2026-09-18 21:52:20.563 [SpringApplicationShutdownHook] INFO  com.alibaba.druid.pool.DruidDataSource -[traceId=,spanId=]- {dataSource-2} closing ...
2026-09-18 21:52:20.563 [SpringApplicationShutdownHook] INFO  com.alibaba.druid.pool.DruidDataSource -[traceId=,spanId=]- {dataSource-2} closed
2026-09-18 21:52:20.578 [SpringApplicationShutdownHook] INFO  com.alibaba.druid.pool.DruidDataSource -[traceId=,spanId=]- {dataSource-3} closing ...
2026-09-18 21:52:20.579 [SpringApplicationShutdownHook] INFO  com.alibaba.druid.pool.DruidDataSource -[traceId=,spanId=]- {dataSource-3} closed
