2026-09-18 19:49:34.966 [main] WARN  com.alibaba.druid.pool.DruidDataSource -[traceId=]- removeAbandoned is true, not use in production.
2026-09-18 19:49:37.559 [main] WARN  org.springdoc.core.events.SpringDocAppInitializer -[traceId=]- SpringDoc /v3/api-docs endpoint is enabled by default. To disable it in production, set the property 'springdoc.api-docs.enabled=false'
2026-09-18 19:49:37.559 [main] WARN  org.springdoc.core.events.SpringDocAppInitializer -[traceId=]- SpringDoc /swagger-ui.html endpoint is enabled by default. To disable it in production, set the property 'springdoc.swagger-ui.enabled=false'
2026-09-18 19:50:30.803 [main] WARN  com.alibaba.druid.pool.DruidDataSource -[traceId=]- removeAbandoned is true, not use in production.
2026-09-18 19:50:41.518 [main] WARN  org.springdoc.core.events.SpringDocAppInitializer -[traceId=]- SpringDoc /v3/api-docs endpoint is enabled by default. To disable it in production, set the property 'springdoc.api-docs.enabled=false'
2026-09-18 19:50:41.518 [main] WARN  org.springdoc.core.events.SpringDocAppInitializer -[traceId=]- SpringDoc /swagger-ui.html endpoint is enabled by default. To disable it in production, set the property 'springdoc.swagger-ui.enabled=false'
2026-09-18 21:29:02.006 [main] WARN  com.alibaba.druid.pool.DruidDataSource -[traceId=,spanId=]- removeAbandoned is true, not use in production.
2026-09-18 21:29:04.835 [main] WARN  org.springdoc.core.events.SpringDocAppInitializer -[traceId=,spanId=]- SpringDoc /v3/api-docs endpoint is enabled by default. To disable it in production, set the property 'springdoc.api-docs.enabled=false'
2026-09-18 21:29:04.836 [main] WARN  org.springdoc.core.events.SpringDocAppInitializer -[traceId=,spanId=]- SpringDoc /swagger-ui.html endpoint is enabled by default. To disable it in production, set the property 'springdoc.swagger-ui.enabled=false'
2026-09-18 21:30:42.981 [main] WARN  com.alibaba.druid.pool.DruidDataSource -[traceId=,spanId=]- removeAbandoned is true, not use in production.
2026-09-18 21:30:45.556 [main] WARN  org.springdoc.core.events.SpringDocAppInitializer -[traceId=,spanId=]- SpringDoc /v3/api-docs endpoint is enabled by default. To disable it in production, set the property 'springdoc.api-docs.enabled=false'
2026-09-18 21:30:45.557 [main] WARN  org.springdoc.core.events.SpringDocAppInitializer -[traceId=,spanId=]- SpringDoc /swagger-ui.html endpoint is enabled by default. To disable it in production, set the property 'springdoc.swagger-ui.enabled=false'
2026-09-18 21:32:58.714 [main] WARN  com.alibaba.druid.pool.DruidDataSource -[traceId=,spanId=]- removeAbandoned is true, not use in production.
2026-09-18 21:33:01.548 [main] WARN  org.springdoc.core.events.SpringDocAppInitializer -[traceId=,spanId=]- SpringDoc /v3/api-docs endpoint is enabled by default. To disable it in production, set the property 'springdoc.api-docs.enabled=false'
2026-09-18 21:33:01.548 [main] WARN  org.springdoc.core.events.SpringDocAppInitializer -[traceId=,spanId=]- SpringDoc /swagger-ui.html endpoint is enabled by default. To disable it in production, set the property 'springdoc.swagger-ui.enabled=false'
2026-09-18 21:33:35.698 [main] WARN  com.alibaba.druid.pool.DruidDataSource -[traceId=,spanId=]- removeAbandoned is true, not use in production.
2026-09-18 21:33:38.289 [main] WARN  org.springdoc.core.events.SpringDocAppInitializer -[traceId=,spanId=]- SpringDoc /v3/api-docs endpoint is enabled by default. To disable it in production, set the property 'springdoc.api-docs.enabled=false'
2026-09-18 21:33:38.290 [main] WARN  org.springdoc.core.events.SpringDocAppInitializer -[traceId=,spanId=]- SpringDoc /swagger-ui.html endpoint is enabled by default. To disable it in production, set the property 'springdoc.swagger-ui.enabled=false'
2026-09-18 21:34:17.289 [main] WARN  com.alibaba.druid.pool.DruidDataSource -[traceId=,spanId=]- removeAbandoned is true, not use in production.
2026-09-18 21:34:19.954 [main] WARN  org.springdoc.core.events.SpringDocAppInitializer -[traceId=,spanId=]- SpringDoc /v3/api-docs endpoint is enabled by default. To disable it in production, set the property 'springdoc.api-docs.enabled=false'
2026-09-18 21:34:19.954 [main] WARN  org.springdoc.core.events.SpringDocAppInitializer -[traceId=,spanId=]- SpringDoc /swagger-ui.html endpoint is enabled by default. To disable it in production, set the property 'springdoc.swagger-ui.enabled=false'
2026-09-18 21:35:19.530 [main] WARN  com.alibaba.druid.pool.DruidDataSource -[traceId=,spanId=]- removeAbandoned is true, not use in production.
2026-09-18 21:35:22.337 [main] WARN  org.springdoc.core.events.SpringDocAppInitializer -[traceId=,spanId=]- SpringDoc /v3/api-docs endpoint is enabled by default. To disable it in production, set the property 'springdoc.api-docs.enabled=false'
2026-09-18 21:35:22.338 [main] WARN  org.springdoc.core.events.SpringDocAppInitializer -[traceId=,spanId=]- SpringDoc /swagger-ui.html endpoint is enabled by default. To disable it in production, set the property 'springdoc.swagger-ui.enabled=false'
2026-09-18 21:35:52.148 [main] WARN  com.alibaba.druid.pool.DruidDataSource -[traceId=,spanId=]- removeAbandoned is true, not use in production.
2026-09-18 21:35:54.740 [main] WARN  org.springdoc.core.events.SpringDocAppInitializer -[traceId=,spanId=]- SpringDoc /v3/api-docs endpoint is enabled by default. To disable it in production, set the property 'springdoc.api-docs.enabled=false'
2026-09-18 21:35:54.740 [main] WARN  org.springdoc.core.events.SpringDocAppInitializer -[traceId=,spanId=]- SpringDoc /swagger-ui.html endpoint is enabled by default. To disable it in production, set the property 'springdoc.swagger-ui.enabled=false'
2026-09-18 21:40:15.599 [main] WARN  com.alibaba.druid.pool.DruidDataSource -[traceId=,spanId=]- removeAbandoned is true, not use in production.
2026-09-18 21:40:18.152 [main] WARN  org.springdoc.core.events.SpringDocAppInitializer -[traceId=,spanId=]- SpringDoc /v3/api-docs endpoint is enabled by default. To disable it in production, set the property 'springdoc.api-docs.enabled=false'
2026-09-18 21:40:18.153 [main] WARN  org.springdoc.core.events.SpringDocAppInitializer -[traceId=,spanId=]- SpringDoc /swagger-ui.html endpoint is enabled by default. To disable it in production, set the property 'springdoc.swagger-ui.enabled=false'
2026-09-18 21:41:21.369 [main] WARN  com.alibaba.druid.pool.DruidDataSource -[traceId=,spanId=]- removeAbandoned is true, not use in production.
2026-09-18 21:41:23.950 [main] WARN  org.springdoc.core.events.SpringDocAppInitializer -[traceId=,spanId=]- SpringDoc /v3/api-docs endpoint is enabled by default. To disable it in production, set the property 'springdoc.api-docs.enabled=false'
2026-09-18 21:41:23.950 [main] WARN  org.springdoc.core.events.SpringDocAppInitializer -[traceId=,spanId=]- SpringDoc /swagger-ui.html endpoint is enabled by default. To disable it in production, set the property 'springdoc.swagger-ui.enabled=false'
2026-09-18 21:42:18.893 [main] WARN  com.alibaba.druid.pool.DruidDataSource -[traceId=,spanId=]- removeAbandoned is true, not use in production.
2026-09-18 21:42:21.488 [main] WARN  org.springdoc.core.events.SpringDocAppInitializer -[traceId=,spanId=]- SpringDoc /v3/api-docs endpoint is enabled by default. To disable it in production, set the property 'springdoc.api-docs.enabled=false'
2026-09-18 21:42:21.488 [main] WARN  org.springdoc.core.events.SpringDocAppInitializer -[traceId=,spanId=]- SpringDoc /swagger-ui.html endpoint is enabled by default. To disable it in production, set the property 'springdoc.swagger-ui.enabled=false'
2026-09-18 21:43:24.065 [main] WARN  com.alibaba.druid.pool.DruidDataSource -[traceId=,spanId=]- removeAbandoned is true, not use in production.
2026-09-18 21:43:26.680 [main] WARN  org.springdoc.core.events.SpringDocAppInitializer -[traceId=,spanId=]- SpringDoc /v3/api-docs endpoint is enabled by default. To disable it in production, set the property 'springdoc.api-docs.enabled=false'
2026-09-18 21:43:26.680 [main] WARN  org.springdoc.core.events.SpringDocAppInitializer -[traceId=,spanId=]- SpringDoc /swagger-ui.html endpoint is enabled by default. To disable it in production, set the property 'springdoc.swagger-ui.enabled=false'
2026-09-18 21:45:04.108 [main] WARN  com.alibaba.druid.pool.DruidDataSource -[traceId=,spanId=]- removeAbandoned is true, not use in production.
2026-09-18 21:45:06.666 [main] WARN  org.springdoc.core.events.SpringDocAppInitializer -[traceId=,spanId=]- SpringDoc /v3/api-docs endpoint is enabled by default. To disable it in production, set the property 'springdoc.api-docs.enabled=false'
2026-09-18 21:45:06.667 [main] WARN  org.springdoc.core.events.SpringDocAppInitializer -[traceId=,spanId=]- SpringDoc /swagger-ui.html endpoint is enabled by default. To disable it in production, set the property 'springdoc.swagger-ui.enabled=false'
2026-09-18 21:46:23.595 [main] WARN  com.alibaba.druid.pool.DruidDataSource -[traceId=,spanId=]- removeAbandoned is true, not use in production.
2026-09-18 21:46:26.118 [main] WARN  org.springdoc.core.events.SpringDocAppInitializer -[traceId=,spanId=]- SpringDoc /v3/api-docs endpoint is enabled by default. To disable it in production, set the property 'springdoc.api-docs.enabled=false'
2026-09-18 21:46:26.119 [main] WARN  org.springdoc.core.events.SpringDocAppInitializer -[traceId=,spanId=]- SpringDoc /swagger-ui.html endpoint is enabled by default. To disable it in production, set the property 'springdoc.swagger-ui.enabled=false'
2026-09-18 21:47:13.566 [main] WARN  com.alibaba.druid.pool.DruidDataSource -[traceId=,spanId=]- removeAbandoned is true, not use in production.
2026-09-18 21:47:16.137 [main] WARN  org.springdoc.core.events.SpringDocAppInitializer -[traceId=,spanId=]- SpringDoc /v3/api-docs endpoint is enabled by default. To disable it in production, set the property 'springdoc.api-docs.enabled=false'
2026-09-18 21:47:16.137 [main] WARN  org.springdoc.core.events.SpringDocAppInitializer -[traceId=,spanId=]- SpringDoc /swagger-ui.html endpoint is enabled by default. To disable it in production, set the property 'springdoc.swagger-ui.enabled=false'
2026-09-18 21:47:51.073 [main] WARN  com.alibaba.druid.pool.DruidDataSource -[traceId=,spanId=]- removeAbandoned is true, not use in production.
2026-09-18 21:47:53.783 [main] WARN  org.springdoc.core.events.SpringDocAppInitializer -[traceId=,spanId=]- SpringDoc /v3/api-docs endpoint is enabled by default. To disable it in production, set the property 'springdoc.api-docs.enabled=false'
2026-09-18 21:47:53.784 [main] WARN  org.springdoc.core.events.SpringDocAppInitializer -[traceId=,spanId=]- SpringDoc /swagger-ui.html endpoint is enabled by default. To disable it in production, set the property 'springdoc.swagger-ui.enabled=false'
2026-09-18 21:48:14.725 [main] WARN  com.alibaba.druid.pool.DruidDataSource -[traceId=,spanId=]- removeAbandoned is true, not use in production.
2026-09-18 21:48:17.229 [main] WARN  org.springdoc.core.events.SpringDocAppInitializer -[traceId=,spanId=]- SpringDoc /v3/api-docs endpoint is enabled by default. To disable it in production, set the property 'springdoc.api-docs.enabled=false'
2026-09-18 21:48:17.229 [main] WARN  org.springdoc.core.events.SpringDocAppInitializer -[traceId=,spanId=]- SpringDoc /swagger-ui.html endpoint is enabled by default. To disable it in production, set the property 'springdoc.swagger-ui.enabled=false'
2026-09-18 21:48:43.095 [main] WARN  com.alibaba.druid.pool.DruidDataSource -[traceId=,spanId=]- removeAbandoned is true, not use in production.
2026-09-18 21:48:45.626 [main] WARN  org.springdoc.core.events.SpringDocAppInitializer -[traceId=,spanId=]- SpringDoc /v3/api-docs endpoint is enabled by default. To disable it in production, set the property 'springdoc.api-docs.enabled=false'
2026-09-18 21:48:45.626 [main] WARN  org.springdoc.core.events.SpringDocAppInitializer -[traceId=,spanId=]- SpringDoc /swagger-ui.html endpoint is enabled by default. To disable it in production, set the property 'springdoc.swagger-ui.enabled=false'
2026-09-18 21:49:18.558 [main] WARN  com.alibaba.druid.pool.DruidDataSource -[traceId=,spanId=]- removeAbandoned is true, not use in production.
2026-09-18 21:49:21.228 [main] WARN  org.springdoc.core.events.SpringDocAppInitializer -[traceId=,spanId=]- SpringDoc /v3/api-docs endpoint is enabled by default. To disable it in production, set the property 'springdoc.api-docs.enabled=false'
2026-09-18 21:49:21.228 [main] WARN  org.springdoc.core.events.SpringDocAppInitializer -[traceId=,spanId=]- SpringDoc /swagger-ui.html endpoint is enabled by default. To disable it in production, set the property 'springdoc.swagger-ui.enabled=false'
2026-09-18 21:49:23.981 [main] WARN  com.alibaba.druid.pool.DruidDataSource -[traceId=,spanId=]- removeAbandoned is true, not use in production.
2026-09-18 21:49:24.113 [main] WARN  com.example.demo.utils.SpringContextUtil -[traceId=,spanId=]- Original apx will be override:org.springframework.boot.web.servlet.context.AnnotationConfigServletWebServerApplicationContext@2531c319, started on Fri Sep 18 21:49:22 CST 2026
2026-09-18 21:49:24.956 [main] WARN  org.springdoc.core.events.SpringDocAppInitializer -[traceId=,spanId=]- SpringDoc /v3/api-docs endpoint is enabled by default. To disable it in production, set the property 'springdoc.api-docs.enabled=false'
2026-09-18 21:49:24.956 [main] WARN  org.springdoc.core.events.SpringDocAppInitializer -[traceId=,spanId=]- SpringDoc /swagger-ui.html endpoint is enabled by default. To disable it in production, set the property 'springdoc.swagger-ui.enabled=false'
2026-09-18 21:49:25.791 [main] WARN  com.alibaba.druid.pool.DruidDataSource -[traceId=,spanId=]- removeAbandoned is true, not use in production.
2026-09-18 21:49:25.890 [main] WARN  com.example.demo.utils.SpringContextUtil -[traceId=,spanId=]- Original apx will be override:org.springframework.web.context.support.GenericWebApplicationContext@28964cb5, started on Fri Sep 18 21:49:25 CST 2026
2026-09-18 21:49:26.489 [main] WARN  org.springdoc.core.events.SpringDocAppInitializer -[traceId=,spanId=]- SpringDoc /v3/api-docs endpoint is enabled by default. To disable it in production, set the property 'springdoc.api-docs.enabled=false'
2026-09-18 21:49:26.490 [main] WARN  org.springdoc.core.events.SpringDocAppInitializer -[traceId=,spanId=]- SpringDoc /swagger-ui.html endpoint is enabled by default. To disable it in production, set the property 'springdoc.swagger-ui.enabled=false'
2026-09-18 21:50:48.951 [main] WARN  com.alibaba.druid.pool.DruidDataSource -[traceId=,spanId=]- removeAbandoned is true, not use in production.
2026-09-18 21:50:51.525 [main] WARN  org.springdoc.core.events.SpringDocAppInitializer -[traceId=,spanId=]- SpringDoc /v3/api-docs endpoint is enabled by default. To disable it in production, set the property 'springdoc.api-docs.enabled=false'
2026-09-18 21:50:51.525 [main] WARN  org.springdoc.core.events.SpringDocAppInitializer -[traceId=,spanId=]- SpringDoc /swagger-ui.html endpoint is enabled by default. To disable it in production, set the property 'springdoc.swagger-ui.enabled=false'
2026-09-18 21:50:54.436 [main] WARN  com.alibaba.druid.pool.DruidDataSource -[traceId=,spanId=]- removeAbandoned is true, not use in production.
2026-09-18 21:50:54.597 [main] WARN  com.example.demo.utils.SpringContextUtil -[traceId=,spanId=]- Original apx will be override:org.springframework.boot.web.servlet.context.AnnotationConfigServletWebServerApplicationContext@6b85fabc, started on Fri Sep 18 21:50:53 CST 2026
2026-09-18 21:50:55.729 [main] WARN  org.springdoc.core.events.SpringDocAppInitializer -[traceId=,spanId=]- SpringDoc /v3/api-docs endpoint is enabled by default. To disable it in production, set the property 'springdoc.api-docs.enabled=false'
2026-09-18 21:50:55.729 [main] WARN  org.springdoc.core.events.SpringDocAppInitializer -[traceId=,spanId=]- SpringDoc /swagger-ui.html endpoint is enabled by default. To disable it in production, set the property 'springdoc.swagger-ui.enabled=false'
2026-09-18 21:50:56.533 [main] WARN  com.alibaba.druid.pool.DruidDataSource -[traceId=,spanId=]- removeAbandoned is true, not use in production.
2026-09-18 21:50:56.650 [main] WARN  com.example.demo.utils.SpringContextUtil -[traceId=,spanId=]- Original apx will be override:org.springframework.web.context.support.GenericWebApplicationContext@d556143, started on Fri Sep 18 21:50:55 CST 2026
2026-09-18 21:50:57.273 [main] WARN  org.springdoc.core.events.SpringDocAppInitializer -[traceId=,spanId=]- SpringDoc /v3/api-docs endpoint is enabled by default. To disable it in production, set the property 'springdoc.api-docs.enabled=false'
2026-09-18 21:50:57.273 [main] WARN  org.springdoc.core.events.SpringDocAppInitializer -[traceId=,spanId=]- SpringDoc /swagger-ui.html endpoint is enabled by default. To disable it in production, set the property 'springdoc.swagger-ui.enabled=false'
2026-09-18 21:52:12.481 [main] WARN  com.alibaba.druid.pool.DruidDataSource -[traceId=,spanId=]- removeAbandoned is true, not use in production.
2026-09-18 21:52:15.145 [main] WARN  org.springdoc.core.events.SpringDocAppInitializer -[traceId=,spanId=]- SpringDoc /v3/api-docs endpoint is enabled by default. To disable it in production, set the property 'springdoc.api-docs.enabled=false'
2026-09-18 21:52:15.145 [main] WARN  org.springdoc.core.events.SpringDocAppInitializer -[traceId=,spanId=]- SpringDoc /swagger-ui.html endpoint is enabled by default. To disable it in production, set the property 'springdoc.swagger-ui.enabled=false'
2026-09-18 21:52:17.951 [main] WARN  com.alibaba.druid.pool.DruidDataSource -[traceId=,spanId=]- removeAbandoned is true, not use in production.
2026-09-18 21:52:18.093 [main] WARN  com.example.demo.utils.SpringContextUtil -[traceId=,spanId=]- Original apx will be override:org.springframework.boot.web.servlet.context.AnnotationConfigServletWebServerApplicationContext@efc5686, started on Fri Sep 18 21:52:16 CST 2026
2026-09-18 21:52:18.941 [main] WARN  org.springdoc.core.events.SpringDocAppInitializer -[traceId=,spanId=]- SpringDoc /v3/api-docs endpoint is enabled by default. To disable it in production, set the property 'springdoc.api-docs.enabled=false'
2026-09-18 21:52:18.942 [main] WARN  org.springdoc.core.events.SpringDocAppInitializer -[traceId=,spanId=]- SpringDoc /swagger-ui.html endpoint is enabled by default. To disable it in production, set the property 'springdoc.swagger-ui.enabled=false'
2026-09-18 21:52:19.810 [main] WARN  com.alibaba.druid.pool.DruidDataSource -[traceId=,spanId=]- removeAbandoned is true, not use in production.
2026-09-18 21:52:19.909 [main] WARN  com.example.demo.utils.SpringContextUtil -[traceId=,spanId=]- Original apx will be override:org.springframework.web.context.support.GenericWebApplicationContext@2b79945f, started on Fri Sep 18 21:52:19 CST 2026
2026-09-18 21:52:20.465 [main] WARN  org.springdoc.core.events.SpringDocAppInitializer -[traceId=,spanId=]- SpringDoc /v3/api-docs endpoint is enabled by default. To disable it in production, set the property 'springdoc.api-docs.enabled=false'
2026-09-18 21:52:20.465 [main] WARN  org.springdoc.core.events.SpringDocAppInitializer -[traceId=,spanId=]- SpringDoc /swagger-ui.html endpoint is enabled by default. To disable it in production, set the property 'springdoc.swagger-ui.enabled=false'
